(---------------------------------------------------------------------)
(                                                                     )
(    Dangling Line, Via and Antenna Report                            )
(                                                                     )
(    Drawing          : FMDEMOD-22.brd                                )
(    Software Version : 17.4S017                                      )
(    Date/Time        : Sat Aug 21 17:00:52 2021                      )
(                                                                     )
(---------------------------------------------------------------------)


Report methodology:
  - Dangling lines have at least one end not connected.
  - Dangling vias have one or no connection
      - Plus are not a test, thieving or netshort property via.
  - Antenna vias do not have connections on their start and end layers.
      - Plus they are not a thieving vias.
      - Optionally, VOLTAGE nets, testvias and through vias can be suppressed with
        the environment variable report_antennavia.
      - Section may be suppressed by variable report_noantennavia.
  - Not part of the current partition.
  - To suppress items in dangle report add the OK_DANGLE property to the via
    or connect line.

<< Dangling Lines >>  - Location marked with a star (*) is dangling.
  Net                 Layer                  Length       Location
  ------------------------------------------------------------------------------------------
  DCDC_1V2             BOTTOM                3.4952     *(34.6200 -42.7370) to  (32.1110 -43.8960)
  VENET_3V3            TOP                   0.0100     *(66.1470 -29.5600) to  (66.1470 -29.5700)
  Not a Net            PWR-L6                5.2110     *(73.1000 -72.3000) to *(76.3200 -75.2400)
  Not a Net            PWR-L6                6.1696     *(71.2000 -72.3000) to *(75.3200 -75.2400)
  Not a Net            PWR-L6                6.2683     *(55.1000 -72.3000) to *(50.7800 -75.2400)
  Not a Net            PWR-L6                7.0394     *(57.0000 -72.3000) to *(51.7800 -75.2400)


<< Dangling Vias >>
  Net                  Padstack               Location            Layers
  ---------------------------------------------------------------------------
  N7099288             VIA0402-BOTTOM-SIGNAL-L3 (48.4680 -9.1090) SIGNAL-L3/BOTTOM 
  VDD_HIGH_CAP         VIA03015-BOTTOM-SIGNAL-L8 (60.9590 -16.5450) SIGNAL-L8/BOTTOM 
  ADC_3V3              VIA_0D4_0D2          (16.4160 -73.4080) TOP/BOTTOM 
  DCDC_3V3             VIA0402-TOP-PWR-L6   (78.3540 -27.8690) TOP/PWR-L6 
  DCDC_3V3             VIA0402-TOP-PWR-L6   (77.4010 -27.8770) TOP/PWR-L6 
  DCDC_3V3             VIA03015-TOP-PWR-L6  (78.3000 -26.0500) TOP/PWR-L6 
  DCDC_3V3             VIA0402-TOP-PWR-L6   (70.4900 -27.3800) TOP/PWR-L6 
  DCDC_3V3             VIA0402-TOP-PWR-L6   (68.2500 -27.3800) TOP/PWR-L6 
  DCDC_3V3             VIA0402-TOP-PWR-L6   (63.7860 -27.3800) TOP/PWR-L6 
  DCDC_3V3             VIA0402-TOP-PWR-L6   (66.0190 -27.3800) TOP/PWR-L6 
  BOOT_MODE1           VIA03015-TOP-SIGNAL-L4 (83.9610 -28.8340) TOP/SIGNAL-L4 
  BOOT_MODE1           VIA03015-TOP-SIGNAL-L4 (58.1200 -19.0000) TOP/SIGNAL-L4 
  NRST_CPU             VIA0402-TOP-SIGNAL-L4 (44.7700 -74.3150) TOP/SIGNAL-L4 
  CPU_UART2_TXD        VIA0402-BOTTOM-SIGNAL-L7 (50.3320 -52.1910) SIGNAL-L7/BOTTOM 
  GND                  VIA0402-TOP-GND-L2   (6.8330 -43.7000) TOP/GND-L2 
  GND                  VIA0402-TOP-GND-L2   (67.9900 -49.8830) TOP/GND-L2 
  GND                  VIA0402-TOP-GND-L2   (66.8100 -46.4630) TOP/GND-L2 
  GND                  VIA0402-TOP-GND-L2   (5.6740 -45.5700) TOP/GND-L2 
  GND                  VIA0402-TOP-GND-L2   (3.4990 -63.8300) TOP/GND-L2 
  GND                  VIA0402-TOP-GND-L2   (4.8802 -52.5688) TOP/GND-L2 
  GND                  VIA0402-TOP-GND-L2   (2.0907 -55.3583) TOP/GND-L2 
  GND                  VIA0402-TOP-GND-L2   (35.1590 -63.8820) TOP/GND-L2 
  GND                  VIA0402-TOP-GND-L2   (54.0510 -16.6720) TOP/GND-L2 
  GND                  VIA0402-TOP-GND-L2   (49.9720 -11.2160) TOP/GND-L2 
  GND                  VIA0402-TOP-GND-L2   (54.0220 -13.5420) TOP/GND-L2 
  GND                  VIA0402-TOP-GND-L2   (55.0080 -13.5420) TOP/GND-L2 
  GND                  VIA0402-TOP-GND-L2   (65.1810 -28.6000) TOP/GND-L2 
  GND                  VIA03015-TOP-GND-L2  (19.3200 -62.8870) TOP/GND-L2 
  GND                  VIA0402-TOP-GND-L2   (15.8600 -78.4050) TOP/GND-L2 
  GND                  VIA0402-TOP-GND-L2   (6.6940 -62.5630) TOP/GND-L2 
  GND                  VIA0402-BOTTOM-GND-L9 (52.2790 -77.8330) GND-L9/BOTTOM 
  GND                  VIA0402-BOTTOM-GND-L9 (52.2790 -76.2330) GND-L9/BOTTOM 
  GND                  VIA0402-BOTTOM-GND-L9 (59.1580 -77.8330) GND-L9/BOTTOM 
  GND                  VIA0402-BOTTOM-GND-L9 (59.1580 -76.2330) GND-L9/BOTTOM 
  GND                  VIA0402-BOTTOM-GND-L9 (69.6280 -77.8330) GND-L9/BOTTOM 
  GND                  VIA0402-BOTTOM-GND-L9 (69.6280 -76.2330) GND-L9/BOTTOM 
  GND                  VIA0402-TOP-GND-L2   (25.0600 -77.1610) TOP/GND-L2 
  GND                  VIA0402-TOP-GND-L2   (36.6090 -52.7850) TOP/GND-L2 
  GND                  VIA0402-TOP-GND-L2   (14.0270 -67.3120) TOP/GND-L2 
  GND                  VIA0402-TOP-GND-L2   (8.6570 -58.2730) TOP/GND-L2 
  GND                  VIA03015-BOTTOM-GND-L9 (13.2960 -62.7190) GND-L9/BOTTOM 
  GND                  VIA0402-TOP-GND-L2   (9.5180 -52.9890) TOP/GND-L2 
  GND                  VIA0402-TOP-GND-L2   (15.8800 -75.3050) TOP/GND-L2 
  GND                  VIA0402-TOP-GND-L2   (10.4870 -52.9890) TOP/GND-L2 
  GND                  VIA0402-BOTTOM-GND-L9 (9.6640 -70.0050) GND-L9/BOTTOM 
  GND                  VIA0402-TOP-GND-L2   (7.4620 -56.5760) TOP/GND-L2 
  GND                  VIA0402-TOP-GND-L2   (8.8850 -64.9840) TOP/GND-L2 
  GND                  VIA0402-TOP-GND-L2   (7.4620 -55.6360) TOP/GND-L2 
  GND                  VIA0402-TOP-GND-L2   (10.0750 -55.1210) TOP/GND-L2 
  GND                  VIA0402-TOP-GND-L2   (8.6650 -62.5630) TOP/GND-L2 
  GND                  VIA0402-BOTTOM-GND-L9 (2.0560 -69.9950) GND-L9/BOTTOM 
  GND                  VIA0402-TOP-GND-L2   (8.3970 -72.3950) TOP/GND-L2 
  GND                  VIA0402-TOP-GND-L2   (4.5870 -72.3950) TOP/GND-L2 
  GND                  VIA0402-TOP-GND-L2   (10.9370 -67.1950) TOP/GND-L2 
  GND                  VIA0402-TOP-GND-L2   (8.3970 -67.1950) TOP/GND-L2 
  GND                  VIA0402-TOP-GND-L2   (4.5870 -67.1950) TOP/GND-L2 
  GND                  VIA0402-TOP-GND-L2   (3.3170 -67.1950) TOP/GND-L2 
  GND                  VIA0402-TOP-GND-L2   (41.2820 -69.9250) TOP/GND-L2 
  GND                  VIA0402-TOP-GND-L2   (41.2750 -65.7880) TOP/GND-L2 
  GND                  VIA0402-TOP-GND-L2   (41.2880 -72.0180) TOP/GND-L2 
  GND                  VIA0402-TOP-GND-L2   (41.2750 -67.8600) TOP/GND-L2 
  GND                  VIA03015-TOP-GND-L2  (17.3200 -62.8870) TOP/GND-L2 
  GND                  VIA03015-TOP-GND-L2  (21.3200 -62.8870) TOP/GND-L2 
  GND                  VIA03015-TOP-GND-L2  (30.3200 -62.8870) TOP/GND-L2 
  GND                  VIA03015-TOP-GND-L2  (28.3200 -62.8870) TOP/GND-L2 
  GND                  VIA03015-TOP-GND-L2  (33.3200 -64.8870) TOP/GND-L2 
  GND                  VIA03015-TOP-GND-L2  (32.3200 -63.8870) TOP/GND-L2 
  GND                  VIA0402-TOP-GND-L2   (21.1790 -77.7190) TOP/GND-L2 
  GND                  VIA0402-TOP-GND-L2   (39.6590 -66.8000) TOP/GND-L2 
  GND                  VIA0402-BOTTOM-SIGNAL-L7 (37.8647 -59.9960) SIGNAL-L7/BOTTOM 
  GND                  VIA0402-TOP-GND-L2   (35.9220 -45.5820) TOP/GND-L2 
  GND                  VIA0402-TOP-GND-L2   (35.4520 -48.3320) TOP/GND-L2 
  GND                  VIA0402-TOP-GND-L2   (1.9350 -50.5170) TOP/GND-L2 
  GND                  VIA0402-TOP-GND-L2   (28.2140 -76.6300) TOP/GND-L2 
  GND                  VIA0402-TOP-GND-L2   (6.7040 -63.8460) TOP/GND-L2 
  GND                  VIA03015-TOP-GND-L2  (31.3200 -49.8870) TOP/GND-L2 
  GND                  VIA03015-TOP-GND-L2  (14.3200 -47.8870) TOP/GND-L2 
  GND                  VIA03015-TOP-GND-L2  (31.3200 -50.8870) TOP/GND-L2 
  GND                  VIA03015-TOP-GND-L2  (33.3200 -59.8870) TOP/GND-L2 
  GND                  VIA03015-BOTTOM-GND-L9 (19.3000 -63.6690) GND-L9/BOTTOM 
  GND                  VIA0402-TOP-GND-L2   (32.3200 -43.8870) TOP/GND-L2 
  GND                  VIA03015-TOP-GND-L2  (18.3200 -63.8870) TOP/GND-L2 
  GND                  VIA03015-BOTTOM-GND-L9 (20.3040 -63.6690) GND-L9/BOTTOM 
  GND                  VIA03015-BOTTOM-GND-L9 (17.3020 -63.6690) GND-L9/BOTTOM 
  GND                  VIA03015-TOP-GND-L2  (15.3200 -62.8870) TOP/GND-L2 
  GND                  VIA03015-TOP-GND-L2  (31.3200 -60.8870) TOP/GND-L2 
  GND                  VIA03015-TOP-GND-L2  (31.3200 -56.8870) TOP/GND-L2 
  GND                  VIA03015-TOP-GND-L2  (31.3200 -54.8870) TOP/GND-L2 
  GND                  VIA03015-TOP-GND-L2  (31.3200 -53.8870) TOP/GND-L2 
  GND                  VIA03015-BOTTOM-GND-L9 (14.3040 -62.6770) GND-L9/BOTTOM 
  GND                  VIA0402-BOTTOM-SIGNAL-L7 (35.4460 -64.8450) SIGNAL-L7/BOTTOM 
  GND                  VIA0402-BOTTOM-GND-L9 (7.8340 -38.2570) GND-L9/BOTTOM 
  GND                  VIA0402-BOTTOM-GND-L9 (9.9000 -38.2570) GND-L9/BOTTOM 
  GND                  VIA0402-BOTTOM-GND-L9 (9.9000 -41.7570) GND-L9/BOTTOM 
  GND                  VIA0402-BOTTOM-GND-L9 (15.4000 -38.2570) GND-L9/BOTTOM 
  GND                  VIA0402-BOTTOM-GND-L9 (15.4000 -41.7570) GND-L9/BOTTOM 
  GND                  VIA0402-BOTTOM-GND-L9 (17.5000 -38.2570) GND-L9/BOTTOM 
  GND                  VIA0402-BOTTOM-GND-L9 (17.5000 -41.7570) GND-L9/BOTTOM 
  GND                  VIA03015-TOP-GND-L2  (84.3000 -6.5500) TOP/GND-L2 
  GND                  VIA0402-BOTTOM-GND-L9 (76.0000 -52.1500) GND-L9/BOTTOM 
  GND                  VIA0402-BOTTOM-GND-L9 (76.0000 -53.6500) GND-L9/BOTTOM 
  GND                  VIA0402-BOTTOM-GND-L9 (79.0800 -56.8000) GND-L9/BOTTOM 
  GND                  VIA0402-BOTTOM-GND-L9 (77.2800 -56.8000) GND-L9/BOTTOM 
  GND                  VIA0402-BOTTOM-GND-L9 (75.4800 -56.8000) GND-L9/BOTTOM 
  GND                  VIA0402-BOTTOM-GND-L9 (73.6800 -56.8000) GND-L9/BOTTOM 
  GND                  VIA0402-TOP-GND-L2   (51.0180 -75.0430) TOP/GND-L2 
  GND                  VIA0402-TOP-GND-L2   (49.2720 -75.0490) TOP/GND-L2 
  GND                  VIA0402-BOTTOM-GND-L9 (73.5340 -75.0440) GND-L9/BOTTOM 
  GND                  VIA0402-TOP-GND-L2   (47.6390 -71.9910) TOP/GND-L2 
  GND                  VIA0402-TOP-GND-L2   (47.6390 -66.5910) TOP/GND-L2 
  GND                  VIA0402-TOP-GND-L2   (81.8800 -62.6000) TOP/GND-L2 
  GND                  VIA0402-TOP-GND-L2   (35.3500 -57.2900) TOP/GND-L2 
  GND                  VIA0402-TOP-GND-L2   (35.6130 -54.7060) TOP/GND-L2 
  GND                  VIA0402-TOP-GND-L2   (35.4520 -49.3320) TOP/GND-L2 
  GND                  VIA0402-TOP-GND-L2   (39.5410 -48.9040) TOP/GND-L2 
  GND                  VIA03015-TOP-GND-L2  (37.6990 -58.9020) TOP/GND-L2 
  GND                  VIA0402-TOP-GND-L2   (37.8190 -65.4130) TOP/GND-L2 
  GND                  VIA0402-TOP-GND-L2   (35.2900 -66.8000) TOP/GND-L2 
  GND                  VIA0402-TOP-GND-L2   (2.2270 -57.4030) TOP/GND-L2 
  GND                  VIA0402-BOTTOM-GND-L9 (10.5310 -76.7650) GND-L9/BOTTOM 
  GND                  VIA0402-TOP-GND-L2   (23.5600 -77.1610) TOP/GND-L2 
  GND                  VIA0402-TOP-GND-L2   (19.1640 -67.4680) TOP/GND-L2 
  GND                  VIA0402-TOP-GND-L2   (16.4790 -68.1130) TOP/GND-L2 
  GND                  VIA0402-TOP-GND-L2   (12.2880 -72.5250) TOP/GND-L2 
  GND                  VIA0402-TOP-GND-L2   (13.2610 -72.5250) TOP/GND-L2 
  GND                  VIA0402-TOP-GND-L2   (16.6270 -69.0690) TOP/GND-L2 
  GND                  VIA0402-TOP-GND-L2   (14.1260 -72.9280) TOP/GND-L2 
  GND                  VIA0402-TOP-GND-L2   (29.2080 -74.4690) TOP/GND-L2 
  GND                  VIA0402-TOP-GND-L2   (34.5980 -71.6500) TOP/GND-L2 
  GND                  VIA0402-TOP-GND-L2   (37.2690 -71.0300) TOP/GND-L2 
  GND                  VIA0402-TOP-GND-L2   (35.7040 -75.3100) TOP/GND-L2 
  GND                  VIA0402-TOP-GND-L2   (31.8900 -68.1000) TOP/GND-L2 
  GND                  VIA0402-TOP-GND-L2   (32.1100 -69.2500) TOP/GND-L2 
  GND                  VIA0402-TOP-GND-L2   (31.8900 -66.8000) TOP/GND-L2 
  GND                  VIA0402-BOTTOM-SIGNAL-L7 (37.8590 -71.1960) SIGNAL-L7/BOTTOM 
  GND                  VIA0402-TOP-GND-L2   (28.8360 -68.5960) TOP/GND-L2 
  GND                  VIA0402-TOP-GND-L2   (29.0570 -67.4740) TOP/GND-L2 
  GND                  VIA0402-TOP-GND-L2   (35.3320 -43.5220) TOP/GND-L2 
  GND                  VIA0402-TOP-GND-L2   (37.3530 -46.5350) TOP/GND-L2 
  GND                  VIA0402-BOTTOM-GND-L9 (14.9220 -45.4180) GND-L9/BOTTOM 
  GND                  VIA0402-BOTTOM-GND-L9 (17.5830 -44.0080) GND-L9/BOTTOM 
  GND                  VIA0402-BOTTOM-GND-L9 (18.7670 -44.2280) GND-L9/BOTTOM 
  GND                  VIA0402-TOP-GND-L2   (54.4050 -12.0790) TOP/GND-L2 
  GND                  VIA0402-TOP-GND-L2   (55.9920 -14.5020) TOP/GND-L2 
  GND                  VIA03015-TOP-SIGNAL-L8 (50.0080 -6.6130) TOP/SIGNAL-L8 
  GND                  VIA0402-BOTTOM-GND-L9 (50.0930 -71.1700) GND-L9/BOTTOM 
  GND                  VIA0402-BOTTOM-GND-L9 (47.1630 -72.1390) GND-L9/BOTTOM 
  GND                  VIA03015-BOTTOM-GND-L9 (49.4850 -62.5800) GND-L9/BOTTOM 
  GND                  VIA03015-BOTTOM-GND-L9 (52.7240 -56.2460) GND-L9/BOTTOM 
  GND                  VIA03015-TOP-GND-L2  (72.8000 -6.5500) TOP/GND-L2 
  GND                  VIA03015-TOP-GND-L2  (78.8000 -6.5500) TOP/GND-L2 
  GND                  VIA0402-TOP-GND-L2   (78.3540 -28.8290) TOP/GND-L2 
  GND                  VIA0402-TOP-GND-L2   (77.4010 -28.8370) TOP/GND-L2 
  GND                  VIA03015-TOP-GND-L2  (78.8000 -26.0500) TOP/GND-L2 
  GND                  VIA0402-TOP-GND-L2   (56.1190 -17.7710) TOP/GND-L2 
  GND                  VIA0402-TOP-GND-L2   (56.1190 -19.7340) TOP/GND-L2 
  GND                  VIA03015-TOP-GND-L2  (61.3200 -16.6000) TOP/GND-L2 
  GND                  VIA0402-TOP-GND-L2   (58.4710 -27.3450) TOP/GND-L2 
  GND                  VIA0402-TOP-GND-L2   (57.5210 -26.3840) TOP/GND-L2 
  GND                  VIA0402-TOP-GND-L2   (63.7350 -28.6000) TOP/GND-L2 
  GND                  VIA0402-TOP-GND-L2   (60.1010 -30.6590) TOP/GND-L2 
  GND                  VIA0402-TOP-GND-L2   (55.1590 -16.6650) TOP/GND-L2 
  GND                  VIA03015-TOP-GND-L2  (58.1200 -24.6000) TOP/GND-L2 
  GND                  VIA03015-TOP-GND-L2  (64.5200 -16.6000) TOP/GND-L2 
  GND                  VIA03015-TOP-GND-L2  (58.1200 -22.2000) TOP/GND-L2 
  GND                  VIA03015-TOP-GND-L2  (58.1200 -11.8000) TOP/GND-L2 
  GND                  VIA03015-TOP-GND-L2  (58.9200 -22.2000) TOP/GND-L2 
  GND                  VIA03015-TOP-GND-L2  (59.7200 -24.6000) TOP/GND-L2 
  GND                  VIA03015-TOP-GND-L2  (59.7200 -23.8000) TOP/GND-L2 
  GND                  VIA03015-TOP-GND-L2  (59.7200 -19.8000) TOP/GND-L2 
  GND                  VIA03015-TOP-GND-L2  (59.7200 -16.6000) TOP/GND-L2 
  GND                  VIA03015-TOP-GND-L2  (59.7200 -15.0000) TOP/GND-L2 
  GND                  VIA03015-TOP-GND-L2  (59.7200 -13.4000) TOP/GND-L2 
  GND                  VIA03015-TOP-GND-L2  (61.3200 -15.0000) TOP/GND-L2 
  GND                  VIA03015-TOP-GND-L2  (61.3200 -13.4000) TOP/GND-L2 
  GND                  VIA03015-TOP-GND-L2  (62.1200 -19.8000) TOP/GND-L2 
  GND                  VIA03015-TOP-GND-L2  (62.1200 -19.0000) TOP/GND-L2 
  GND                  VIA03015-TOP-GND-L2  (62.1200 -18.2000) TOP/GND-L2 
  GND                  VIA03015-TOP-GND-L2  (62.1200 -17.4000) TOP/GND-L2 
  GND                  VIA03015-TOP-GND-L2  (62.1200 -16.6000) TOP/GND-L2 
  GND                  VIA03015-TOP-GND-L2  (62.9200 -20.6000) TOP/GND-L2 
  GND                  VIA03015-TOP-GND-L2  (62.9200 -16.6000) TOP/GND-L2 
  GND                  VIA03015-TOP-GND-L2  (62.9200 -13.4000) TOP/GND-L2 
  GND                  VIA03015-TOP-GND-L2  (63.7200 -20.6000) TOP/GND-L2 
  GND                  VIA03015-TOP-GND-L2  (63.7200 -16.6000) TOP/GND-L2 
  GND                  VIA03015-TOP-GND-L2  (64.5200 -20.6000) TOP/GND-L2 
  GND                  VIA03015-TOP-GND-L2  (62.1200 -20.6000) TOP/GND-L2 
  GND                  VIA03015-TOP-GND-L2  (64.5200 -15.0000) TOP/GND-L2 
  GND                  VIA03015-TOP-GND-L2  (70.9200 -11.8000) TOP/GND-L2 
  GND                  VIA03015-TOP-GND-L2  (70.9200 -24.6000) TOP/GND-L2 
  GND                  VIA03015-TOP-GND-L2  (69.3200 -13.4000) TOP/GND-L2 
  GND                  VIA03015-TOP-GND-L2  (69.3200 -16.6000) TOP/GND-L2 
  GND                  VIA03015-TOP-GND-L2  (69.3200 -19.8000) TOP/GND-L2 
  GND                  VIA03015-TOP-GND-L2  (69.3200 -23.0000) TOP/GND-L2 
  GND                  VIA03015-TOP-GND-L2  (67.7200 -17.4000) TOP/GND-L2 
  GND                  VIA03015-TOP-GND-L2  (67.7200 -19.8000) TOP/GND-L2 
  GND                  VIA03015-TOP-GND-L2  (66.9200 -15.8000) TOP/GND-L2 
  GND                  VIA03015-TOP-GND-L2  (66.9200 -16.6000) TOP/GND-L2 
  GND                  VIA03015-TOP-GND-L2  (66.9200 -17.4000) TOP/GND-L2 
  GND                  VIA03015-TOP-GND-L2  (66.9200 -18.2000) TOP/GND-L2 
  GND                  VIA03015-TOP-GND-L2  (66.9200 -19.0000) TOP/GND-L2 
  GND                  VIA03015-TOP-GND-L2  (66.9200 -19.8000) TOP/GND-L2 
  GND                  VIA03015-TOP-GND-L2  (66.9200 -20.6000) TOP/GND-L2 
  GND                  VIA03015-TOP-GND-L2  (66.1200 -13.4000) TOP/GND-L2 
  GND                  VIA03015-TOP-GND-L2  (66.1200 -15.0000) TOP/GND-L2 
  GND                  VIA03015-TOP-GND-L2  (66.1200 -16.6000) TOP/GND-L2 
  GND                  VIA03015-TOP-GND-L2  (66.1200 -20.6000) TOP/GND-L2 
  GND                  VIA03015-TOP-GND-L2  (66.1200 -23.0000) TOP/GND-L2 
  GND                  VIA03015-TOP-GND-L2  (65.3200 -16.6000) TOP/GND-L2 
  GND                  VIA03015-TOP-GND-L2  (65.3200 -20.6000) TOP/GND-L2 
  GND                  VIA03015-TOP-GND-L2  (58.5000 -2.2000) TOP/GND-L2 
  GND                  VIA03015-TOP-GND-L2  (63.3000 -2.2000) TOP/GND-L2 
  GND                  VIA03015-TOP-GND-L2  (59.3000 -7.0000) TOP/GND-L2 
  GND                  VIA03015-TOP-GND-L2  (61.7000 -8.6000) TOP/GND-L2 
  GND                  VIA03015-TOP-GND-L2  (63.3000 -3.0000) TOP/GND-L2 
  GND                  VIA03015-TOP-GND-L2  (64.9000 -7.8000) TOP/GND-L2 
  GND                  VIA03015-TOP-GND-L2  (64.9000 -3.0000) TOP/GND-L2 
  GND                  VIA03015-TOP-GND-L2  (67.3000 -8.6000) TOP/GND-L2 
  GND                  VIA03015-TOP-GND-L2  (67.3000 -2.2000) TOP/GND-L2 
  GND                  VIA03015-TOP-GND-L2  (68.9000 -8.6000) TOP/GND-L2 
  GND                  VIA03015-TOP-GND-L2  (68.9000 -2.2000) TOP/GND-L2 
  GND                  VIA03015-TOP-GND-L2  (70.5000 -8.6000) TOP/GND-L2 
  GND                  VIA03015-TOP-GND-L2  (70.5000 -2.2000) TOP/GND-L2 
  GND                  VIA03015-TOP-GND-L2  (59.3000 -8.6000) TOP/GND-L2 
  GND                  VIA03015-TOP-GND-L2  (59.3000 -2.2000) TOP/GND-L2 
  GND                  VIA03015-TOP-GND-L2  (60.9000 -8.6000) TOP/GND-L2 
  GND                  VIA03015-TOP-GND-L2  (60.9000 -3.0000) TOP/GND-L2 
  GND                  VIA03015-TOP-GND-L2  (61.7000 -7.8000) TOP/GND-L2 
  GND                  VIA03015-TOP-GND-L2  (61.7000 -3.0000) TOP/GND-L2 
  GND                  VIA03015-TOP-GND-L2  (62.5000 -2.2000) TOP/GND-L2 
  GND                  VIA03015-TOP-GND-L2  (63.3000 -8.6000) TOP/GND-L2 
  GND                  VIA03015-BOTTOM-GND-L9 (81.5240 -26.8570) GND-L9/BOTTOM 
  GND                  VIA03015-BOTTOM-GND-L9 (76.7150 -26.8570) GND-L9/BOTTOM 
  GND                  VIA03015-BOTTOM-GND-L9 (77.6710 -26.8570) GND-L9/BOTTOM 
  GND                  VIA03015-BOTTOM-GND-L9 (78.6320 -26.8570) GND-L9/BOTTOM 
  GND                  VIA03015-BOTTOM-GND-L9 (83.4500 -26.8570) GND-L9/BOTTOM 
  GND                  VIA03015-BOTTOM-GND-L9 (84.4030 -26.8570) GND-L9/BOTTOM 
  GND                  VIA03015-TOP-GND-L2  (78.3310 -31.2310) TOP/GND-L2 
  GND                  VIA0402-TOP-GND-L2   (66.1470 -28.6100) TOP/GND-L2 
  GND                  VIA03015-TOP-GND-L2  (78.3310 -30.2880) TOP/GND-L2 
  GND                  VIA0402-TOP-GND-L2   (74.4240 -28.4440) TOP/GND-L2 
  GND                  VIA0402-TOP-GND-L2   (61.3600 -35.2780) TOP/GND-L2 
  GND                  VIA0402-TOP-GND-L2   (70.3520 -35.1650) TOP/GND-L2 
  GND                  VIA0402-TOP-GND-L2   (70.3520 -30.2880) TOP/GND-L2 
  GND                  VIA0402-TOP-GND-L2   (78.3310 -35.1680) TOP/GND-L2 
  GND                  VIA0402-TOP-GND-L2   (73.4620 -28.4340) TOP/GND-L2 
  GND                  VIA0402-TOP-GND-L2   (62.0010 -28.2590) TOP/GND-L2 
  GND                  VIA0402-TOP-GND-L2   (61.3600 -34.2870) TOP/GND-L2 
  GND                  VIA0402-TOP-GND-L2   (54.7660 -67.0840) TOP/GND-L2 
  GND                  VIA0402-TOP-GND-L2   (55.9000 -68.1920) TOP/GND-L2 
  GND                  VIA0402-TOP-GND-L2   (54.7560 -68.2130) TOP/GND-L2 
  GND                  VIA0402-TOP-GND-L2   (55.9210 -66.9600) TOP/GND-L2 
  GND                  VIA0402-TOP-GND-L2   (55.4000 -67.6000) TOP/GND-L2 
  GND                  VIA0402-BOTTOM-GND-L9 (63.1700 -66.5200) GND-L9/BOTTOM 
  GND                  VIA0402-TOP-GND-L2   (60.5500 -69.7200) TOP/GND-L2 
  GND                  VIA0402-BOTTOM-GND-L9 (56.9700 -66.5200) GND-L9/BOTTOM 
  GND                  VIA0402-TOP-GND-L2   (50.2500 -69.6800) TOP/GND-L2 
  GND                  VIA0402-BOTTOM-GND-L9 (55.6700 -62.5200) GND-L9/BOTTOM 
  GND                  VIA0402-BOTTOM-GND-L9 (55.0200 -62.5200) GND-L9/BOTTOM 
  GND                  VIA0402-BOTTOM-GND-L9 (63.6710 -59.0870) GND-L9/BOTTOM 
  GND                  VIA0402-BOTTOM-GND-L9 (62.1500 -72.3000) GND-L9/BOTTOM 
  GND                  VIA0402-BOTTOM-GND-L9 (56.0500 -72.3000) GND-L9/BOTTOM 
  GND                  VIA0402-BOTTOM-GND-L9 (57.0490 -75.0440) GND-L9/BOTTOM 
  GND                  VIA0402-BOTTOM-GND-L9 (72.1500 -72.3000) GND-L9/BOTTOM 
  GND                  VIA0402-TOP-GND-L2   (70.8000 -65.6000) TOP/GND-L2 
  GND                  VIA0402-TOP-GND-L2   (70.8000 -64.3000) TOP/GND-L2 
  GND                  VIA0402-TOP-GND-L2   (62.1500 -69.6800) TOP/GND-L2 
  GND                  VIA0402-TOP-GND-L2   (72.6500 -69.7200) TOP/GND-L2 
  GND                  VIA0402-TOP-GND-L2   (63.1300 -72.1500) TOP/GND-L2 
  GND                  VIA0402-BOTTOM-GND-L9 (66.0500 -72.3000) GND-L9/BOTTOM 
  GND                  VIA0402-TOP-GND-L2   (66.7340 -67.0660) TOP/GND-L2 
  GND                  VIA0402-TOP-GND-L2   (66.7860 -68.2030) TOP/GND-L2 
  GND                  VIA0402-TOP-GND-L2   (67.9510 -68.2110) TOP/GND-L2 
  GND                  VIA0402-TOP-GND-L2   (67.9820 -66.9890) TOP/GND-L2 
  GND                  VIA0402-TOP-GND-L2   (67.4000 -67.6000) TOP/GND-L2 
  GND                  VIA0402-BOTTOM-GND-L9 (73.1660 -66.5200) GND-L9/BOTTOM 
  GND                  VIA0402-BOTTOM-GND-L9 (67.0700 -66.5200) GND-L9/BOTTOM 
  GND                  VIA0402-BOTTOM-GND-L9 (71.8660 -62.5200) GND-L9/BOTTOM 
  GND                  VIA0402-BOTTOM-GND-L9 (71.2160 -62.5200) GND-L9/BOTTOM 
  GND                  VIA0402-BOTTOM-GND-L9 (73.7570 -59.0870) GND-L9/BOTTOM 
  GND                  VIA0402-BOTTOM-GND-L9 (68.5310 -59.0870) GND-L9/BOTTOM 
  GND                  VIA0402-BOTTOM-GND-L9 (71.7570 -60.0370) GND-L9/BOTTOM 
  GND                  VIA0402-BOTTOM-GND-L9 (83.4500 -71.7700) GND-L9/BOTTOM 
  GND                  VIA0402-BOTTOM-GND-L9 (81.5500 -72.7700) GND-L9/BOTTOM 
  GND                  VIA0402-BOTTOM-GND-L9 (74.8000 -65.2000) GND-L9/BOTTOM 
  GND                  VIA0402-BOTTOM-GND-L9 (77.3000 -62.7000) GND-L9/BOTTOM 
  GND                  VIA0402-BOTTOM-GND-L9 (74.8000 -63.9000) GND-L9/BOTTOM 
  GND                  VIA0402-BOTTOM-GND-L9 (79.8000 -68.5000) GND-L9/BOTTOM 
  GND                  VIA0402-BOTTOM-GND-L9 (80.5650 -68.4790) GND-L9/BOTTOM 
  GND                  VIA0402-BOTTOM-GND-L9 (78.9730 -68.4960) GND-L9/BOTTOM 
  GND                  VIA0402-BOTTOM-GND-L9 (79.7970 -67.6760) GND-L9/BOTTOM 
  GND                  VIA0402-BOTTOM-GND-L9 (79.7970 -69.3870) GND-L9/BOTTOM 
  GND                  VIA0402-BOTTOM-GND-L9 (79.2626 -66.1948) GND-L9/BOTTOM 
  GND                  VIA0402-BOTTOM-GND-L9 (74.9200 -70.1740) GND-L9/BOTTOM 
  GND                  VIA0402-TOP-GND-L2   (84.5000 -65.3000) TOP/GND-L2 
  GND                  VIA0402-TOP-GND-L2   (84.5000 -64.0000) TOP/GND-L2 
  GND                  VIA0402-TOP-GND-L2   (76.5500 -71.6700) TOP/GND-L2 
  GND                  VIA0402-TOP-GND-L2   (78.4500 -73.2700) TOP/GND-L2 
  GND                  VIA0402-TOP-GND-L2   (84.2700 -70.3500) TOP/GND-L2 
  GND                  VIA0402-TOP-GND-L2   (84.2800 -59.0500) TOP/GND-L2 
  GND                  VIA0402-TOP-GND-L2   (84.2900 -58.0500) TOP/GND-L2 
  GND                  VIA0402-TOP-GND-L2   (80.8500 -59.7000) TOP/GND-L2 
  GND                  VIA0402-TOP-GND-L2   (75.5300 -60.9500) TOP/GND-L2 
  GND                  VIA0402-BOTTOM-GND-L9 (61.2620 -75.0440) GND-L9/BOTTOM 
  GND                  VIA0402-BOTTOM-GND-L9 (62.9720 -75.0440) GND-L9/BOTTOM 
  GND                  VIA0402-BOTTOM-GND-L9 (55.2880 -75.0440) GND-L9/BOTTOM 
  GND                  VIA0402-BOTTOM-GND-L9 (53.5600 -75.0440) GND-L9/BOTTOM 
  GND                  VIA0402-BOTTOM-GND-L9 (71.7280 -75.0440) GND-L9/BOTTOM 
  GND                  VIA0402-BOTTOM-GND-L9 (68.2810 -75.0440) GND-L9/BOTTOM 
  GND                  VIA0402-BOTTOM-GND-L9 (66.5150 -75.0440) GND-L9/BOTTOM 
  GND                  VIA0402-BOTTOM-GND-L9 (64.7560 -75.0440) GND-L9/BOTTOM 
  GND                  VIA0402-BOTTOM-GND-L9 (68.6390 -71.5740) GND-L9/BOTTOM 
  GND                  VIA0402-BOTTOM-GND-L9 (69.6090 -70.2430) GND-L9/BOTTOM 
  GND                  VIA0402-TOP-GND-L2   (70.8000 -66.9000) TOP/GND-L2 
  GND                  VIA0402-BOTTOM-GND-L9 (74.8000 -66.5000) GND-L9/BOTTOM 
  GND                  VIA0402-TOP-GND-L2   (84.5000 -66.6000) TOP/GND-L2 
  GND                  VIA0402-BOTTOM-GND-L9 (68.5040 -55.2510) GND-L9/BOTTOM 
  GND                  VIA0402-BOTTOM-GND-L9 (68.5040 -51.9700) GND-L9/BOTTOM 
  GND                  VIA03015-TOP-GND-L2  (64.4010 -54.9030) TOP/GND-L2 
  GND                  VIA03015-TOP-GND-L2  (64.4010 -50.4030) TOP/GND-L2 
  GND                  VIA03015-TOP-GND-L2  (64.4010 -49.9030) TOP/GND-L2 
  GND                  VIA0402-TOP-GND-L2   (48.5990 -58.9020) TOP/GND-L2 
  GND                  VIA03015-TOP-GND-L2  (62.0030 -61.3020) TOP/GND-L2 
  GND                  VIA0402-TOP-GND-L2   (74.0500 -59.7000) TOP/GND-L2 
  GND                  VIA0402-TOP-GND-L2   (76.7000 -58.5000) TOP/GND-L2 
  GND                  VIA0402-TOP-GND-L2   (76.7000 -59.8000) TOP/GND-L2 
  GND                  VIA0402-BOTTOM-GND-L9 (62.7000 -59.0870) GND-L9/BOTTOM 
  GND                  VIA0402-BOTTOM-GND-L9 (61.3800 -44.7600) GND-L9/BOTTOM 
  GND                  VIA0402-TOP-GND-L2   (67.9900 -48.8960) TOP/GND-L2 
  NAND_NRDY            VIA03015-BOTTOM-SIGNAL-L4 (76.0690 -27.9850) SIGNAL-L4/BOTTOM 
  BOOT_MODE0           VIA03015-TOP-SIGNAL-L4 (82.6910 -28.8340) TOP/SIGNAL-L4 
  BOOT_MODE0           VIA03015-TOP-SIGNAL-L4 (58.9200 -19.0000) TOP/SIGNAL-L4 
  Not on a Net         VIA0402-TOP-SIGNAL-L3 (75.1560 -28.6100) TOP/SIGNAL-L3 
  Not on a Net         VIA03015-BOTTOM-SIGNAL-L8 (65.5670 -16.5400) SIGNAL-L8/BOTTOM 
  Not on a Net         VIA03015-BOTTOM-SIGNAL-L8 (64.6450 -16.5400) SIGNAL-L8/BOTTOM 
  Not on a Net         VIA03015-BOTTOM-SIGNAL-L8 (62.8200 -16.5400) SIGNAL-L8/BOTTOM 
  Not on a Net         VIA03015-BOTTOM-SIGNAL-L8 (61.8960 -16.5400) SIGNAL-L8/BOTTOM 


<< Antenna Vias >>
  Net                  Padstack               Location            Layers
  ---------------------------------------------------------------------------
  N7099288             VIA0402-BOTTOM-SIGNAL-L3 (48.4680 -9.1090) SIGNAL-L3/BOTTOM 
  ENET2_RXD0           VIA03015-TOP-SIGNAL-L4 (69.3200 -24.6000) TOP/SIGNAL-L4 
  VDD_HIGH_CAP         VIA03015-BOTTOM-SIGNAL-L8 (60.9590 -16.5450) SIGNAL-L8/BOTTOM 
  ADC_3V3              VIA_0D4_0D2          (16.4160 -73.4080) TOP/BOTTOM 
  DCDC_3V3             VIA0402-TOP-PWR-L6   (78.3540 -27.8690) TOP/PWR-L6 
  DCDC_3V3             VIA0402-TOP-PWR-L6   (77.4010 -27.8770) TOP/PWR-L6 
  DCDC_3V3             VIA03015-TOP-PWR-L6  (78.3000 -26.0500) TOP/PWR-L6 
  DCDC_3V3             VIA0402-TOP-PWR-L6   (70.4900 -27.3800) TOP/PWR-L6 
  DCDC_3V3             VIA0402-TOP-PWR-L6   (68.2500 -27.3800) TOP/PWR-L6 
  DCDC_3V3             VIA0402-TOP-PWR-L6   (63.7860 -27.3800) TOP/PWR-L6 
  DCDC_3V3             VIA0402-TOP-PWR-L6   (66.0190 -27.3800) TOP/PWR-L6 
  ENET2_RXD1           VIA03015-TOP-SIGNAL-L4 (69.3200 -23.8000) TOP/SIGNAL-L4 
  BOOT_MODE1           VIA03015-TOP-SIGNAL-L4 (83.9610 -28.8340) TOP/SIGNAL-L4 
  BOOT_MODE1           VIA03015-TOP-SIGNAL-L4 (58.1200 -19.0000) TOP/SIGNAL-L4 
  NRST_CPU             VIA0402-TOP-SIGNAL-L4 (44.7700 -74.3150) TOP/SIGNAL-L4 
  CPU_UART2_TXD        VIA0402-BOTTOM-SIGNAL-L7 (50.3320 -52.1910) SIGNAL-L7/BOTTOM 
  GND                  VIA0402-TOP-GND-L2   (6.8330 -43.7000) TOP/GND-L2 
  GND                  VIA0402-TOP-GND-L2   (67.9900 -49.8830) TOP/GND-L2 
  GND                  VIA0402-TOP-GND-L2   (66.8100 -46.4630) TOP/GND-L2 
  GND                  VIA0402-TOP-GND-L2   (5.6740 -45.5700) TOP/GND-L2 
  GND                  VIA0402-TOP-GND-L2   (3.4990 -63.8300) TOP/GND-L2 
  GND                  VIA0402-TOP-GND-L2   (4.8802 -52.5688) TOP/GND-L2 
  GND                  VIA0402-TOP-GND-L2   (2.0907 -55.3583) TOP/GND-L2 
  GND                  VIA0402-TOP-GND-L2   (35.1590 -63.8820) TOP/GND-L2 
  GND                  VIA0402-TOP-GND-L2   (54.0510 -16.6720) TOP/GND-L2 
  GND                  VIA0402-TOP-GND-L2   (49.9720 -11.2160) TOP/GND-L2 
  GND                  VIA0402-TOP-GND-L2   (54.0220 -13.5420) TOP/GND-L2 
  GND                  VIA0402-TOP-GND-L2   (55.0080 -13.5420) TOP/GND-L2 
  GND                  VIA0402-TOP-GND-L2   (65.1810 -28.6000) TOP/GND-L2 
  GND                  VIA03015-TOP-GND-L2  (19.3200 -62.8870) TOP/GND-L2 
  GND                  VIA0402-TOP-GND-L2   (15.8600 -78.4050) TOP/GND-L2 
  GND                  VIA0402-TOP-GND-L2   (6.6940 -62.5630) TOP/GND-L2 
  GND                  VIA0402-BOTTOM-GND-L9 (52.2790 -77.8330) GND-L9/BOTTOM 
  GND                  VIA0402-BOTTOM-GND-L9 (52.2790 -76.2330) GND-L9/BOTTOM 
  GND                  VIA0402-BOTTOM-GND-L9 (59.1580 -77.8330) GND-L9/BOTTOM 
  GND                  VIA0402-BOTTOM-GND-L9 (59.1580 -76.2330) GND-L9/BOTTOM 
  GND                  VIA0402-BOTTOM-GND-L9 (69.6280 -77.8330) GND-L9/BOTTOM 
  GND                  VIA0402-BOTTOM-GND-L9 (69.6280 -76.2330) GND-L9/BOTTOM 
  GND                  VIA0402-TOP-GND-L2   (25.0600 -77.1610) TOP/GND-L2 
  GND                  VIA0402-TOP-GND-L2   (36.6090 -52.7850) TOP/GND-L2 
  GND                  VIA0402-TOP-GND-L2   (14.0270 -67.3120) TOP/GND-L2 
  GND                  VIA0402-TOP-GND-L2   (8.6570 -58.2730) TOP/GND-L2 
  GND                  VIA03015-BOTTOM-GND-L9 (13.2960 -62.7190) GND-L9/BOTTOM 
  GND                  VIA0402-TOP-GND-L2   (9.5180 -52.9890) TOP/GND-L2 
  GND                  VIA0402-TOP-GND-L2   (15.8800 -75.3050) TOP/GND-L2 
  GND                  VIA0402-TOP-GND-L2   (10.4870 -52.9890) TOP/GND-L2 
  GND                  VIA0402-BOTTOM-GND-L9 (9.6640 -70.0050) GND-L9/BOTTOM 
  GND                  VIA0402-TOP-GND-L2   (7.4620 -56.5760) TOP/GND-L2 
  GND                  VIA0402-TOP-GND-L2   (8.8850 -64.9840) TOP/GND-L2 
  GND                  VIA0402-TOP-GND-L2   (7.4620 -55.6360) TOP/GND-L2 
  GND                  VIA0402-TOP-GND-L2   (10.0750 -55.1210) TOP/GND-L2 
  GND                  VIA0402-TOP-GND-L2   (8.6650 -62.5630) TOP/GND-L2 
  GND                  VIA0402-BOTTOM-GND-L9 (2.0560 -69.9950) GND-L9/BOTTOM 
  GND                  VIA0402-TOP-GND-L2   (8.3970 -72.3950) TOP/GND-L2 
  GND                  VIA0402-TOP-GND-L2   (4.5870 -72.3950) TOP/GND-L2 
  GND                  VIA0402-TOP-GND-L2   (10.9370 -67.1950) TOP/GND-L2 
  GND                  VIA0402-TOP-GND-L2   (8.3970 -67.1950) TOP/GND-L2 
  GND                  VIA0402-TOP-GND-L2   (4.5870 -67.1950) TOP/GND-L2 
  GND                  VIA0402-TOP-GND-L2   (3.3170 -67.1950) TOP/GND-L2 
  GND                  VIA0402-TOP-GND-L2   (41.2820 -69.9250) TOP/GND-L2 
  GND                  VIA0402-TOP-GND-L2   (41.2750 -65.7880) TOP/GND-L2 
  GND                  VIA0402-TOP-GND-L2   (41.2880 -72.0180) TOP/GND-L2 
  GND                  VIA0402-TOP-GND-L2   (41.2750 -67.8600) TOP/GND-L2 
  GND                  VIA03015-TOP-GND-L2  (17.3200 -62.8870) TOP/GND-L2 
  GND                  VIA03015-TOP-GND-L2  (21.3200 -62.8870) TOP/GND-L2 
  GND                  VIA03015-TOP-GND-L2  (30.3200 -62.8870) TOP/GND-L2 
  GND                  VIA03015-TOP-GND-L2  (28.3200 -62.8870) TOP/GND-L2 
  GND                  VIA03015-TOP-GND-L2  (33.3200 -64.8870) TOP/GND-L2 
  GND                  VIA03015-TOP-GND-L2  (32.3200 -63.8870) TOP/GND-L2 
  GND                  VIA0402-TOP-GND-L2   (21.1790 -77.7190) TOP/GND-L2 
  GND                  VIA0402-TOP-GND-L2   (39.6590 -66.8000) TOP/GND-L2 
  GND                  VIA0402-BOTTOM-SIGNAL-L7 (37.8647 -59.9960) SIGNAL-L7/BOTTOM 
  GND                  VIA0402-TOP-GND-L2   (35.9220 -45.5820) TOP/GND-L2 
  GND                  VIA0402-TOP-GND-L2   (35.4520 -48.3320) TOP/GND-L2 
  GND                  VIA0402-TOP-GND-L2   (1.9350 -50.5170) TOP/GND-L2 
  GND                  VIA0402-TOP-GND-L2   (28.2140 -76.6300) TOP/GND-L2 
  GND                  VIA0402-TOP-GND-L2   (6.7040 -63.8460) TOP/GND-L2 
  GND                  VIA03015-TOP-GND-L2  (31.3200 -49.8870) TOP/GND-L2 
  GND                  VIA03015-TOP-GND-L2  (14.3200 -47.8870) TOP/GND-L2 
  GND                  VIA03015-TOP-GND-L2  (31.3200 -50.8870) TOP/GND-L2 
  GND                  VIA03015-TOP-GND-L2  (33.3200 -59.8870) TOP/GND-L2 
  GND                  VIA03015-BOTTOM-GND-L9 (19.3000 -63.6690) GND-L9/BOTTOM 
  GND                  VIA0402-TOP-GND-L2   (32.3200 -43.8870) TOP/GND-L2 
  GND                  VIA03015-TOP-GND-L2  (18.3200 -63.8870) TOP/GND-L2 
  GND                  VIA03015-BOTTOM-GND-L9 (20.3040 -63.6690) GND-L9/BOTTOM 
  GND                  VIA03015-BOTTOM-GND-L9 (17.3020 -63.6690) GND-L9/BOTTOM 
  GND                  VIA03015-TOP-GND-L2  (15.3200 -62.8870) TOP/GND-L2 
  GND                  VIA03015-TOP-GND-L2  (31.3200 -60.8870) TOP/GND-L2 
  GND                  VIA03015-TOP-GND-L2  (31.3200 -56.8870) TOP/GND-L2 
  GND                  VIA03015-TOP-GND-L2  (31.3200 -54.8870) TOP/GND-L2 
  GND                  VIA03015-TOP-GND-L2  (31.3200 -53.8870) TOP/GND-L2 
  GND                  VIA03015-BOTTOM-GND-L9 (14.3040 -62.6770) GND-L9/BOTTOM 
  GND                  VIA0402-BOTTOM-SIGNAL-L7 (35.4460 -64.8450) SIGNAL-L7/BOTTOM 
  GND                  VIA0402-BOTTOM-GND-L9 (7.8340 -38.2570) GND-L9/BOTTOM 
  GND                  VIA0402-BOTTOM-GND-L9 (9.9000 -38.2570) GND-L9/BOTTOM 
  GND                  VIA0402-BOTTOM-GND-L9 (9.9000 -41.7570) GND-L9/BOTTOM 
  GND                  VIA0402-BOTTOM-GND-L9 (15.4000 -38.2570) GND-L9/BOTTOM 
  GND                  VIA0402-BOTTOM-GND-L9 (15.4000 -41.7570) GND-L9/BOTTOM 
  GND                  VIA0402-BOTTOM-GND-L9 (17.5000 -38.2570) GND-L9/BOTTOM 
  GND                  VIA0402-BOTTOM-GND-L9 (17.5000 -41.7570) GND-L9/BOTTOM 
  GND                  VIA03015-TOP-GND-L2  (84.3000 -6.5500) TOP/GND-L2 
  GND                  VIA0402-BOTTOM-GND-L9 (76.0000 -52.1500) GND-L9/BOTTOM 
  GND                  VIA0402-BOTTOM-GND-L9 (76.0000 -53.6500) GND-L9/BOTTOM 
  GND                  VIA0402-BOTTOM-GND-L9 (79.0800 -56.8000) GND-L9/BOTTOM 
  GND                  VIA0402-BOTTOM-GND-L9 (77.2800 -56.8000) GND-L9/BOTTOM 
  GND                  VIA0402-BOTTOM-GND-L9 (75.4800 -56.8000) GND-L9/BOTTOM 
  GND                  VIA0402-BOTTOM-GND-L9 (73.6800 -56.8000) GND-L9/BOTTOM 
  GND                  VIA0402-TOP-GND-L2   (51.0180 -75.0430) TOP/GND-L2 
  GND                  VIA0402-TOP-GND-L2   (49.2720 -75.0490) TOP/GND-L2 
  GND                  VIA0402-BOTTOM-GND-L9 (73.5340 -75.0440) GND-L9/BOTTOM 
  GND                  VIA0402-TOP-GND-L2   (47.6390 -71.9910) TOP/GND-L2 
  GND                  VIA0402-TOP-GND-L2   (47.6390 -66.5910) TOP/GND-L2 
  GND                  VIA0402-TOP-GND-L2   (81.8800 -62.6000) TOP/GND-L2 
  GND                  VIA0402-TOP-GND-L2   (35.3500 -57.2900) TOP/GND-L2 
  GND                  VIA0402-TOP-GND-L2   (35.6130 -54.7060) TOP/GND-L2 
  GND                  VIA0402-TOP-GND-L2   (35.4520 -49.3320) TOP/GND-L2 
  GND                  VIA0402-TOP-GND-L2   (39.5410 -48.9040) TOP/GND-L2 
  GND                  VIA03015-TOP-GND-L2  (37.6990 -58.9020) TOP/GND-L2 
  GND                  VIA0402-TOP-GND-L2   (37.8190 -65.4130) TOP/GND-L2 
  GND                  VIA0402-TOP-GND-L2   (35.2900 -66.8000) TOP/GND-L2 
  GND                  VIA0402-TOP-GND-L2   (2.2270 -57.4030) TOP/GND-L2 
  GND                  VIA0402-BOTTOM-GND-L9 (10.5310 -76.7650) GND-L9/BOTTOM 
  GND                  VIA0402-TOP-GND-L2   (23.5600 -77.1610) TOP/GND-L2 
  GND                  VIA0402-TOP-GND-L2   (19.1640 -67.4680) TOP/GND-L2 
  GND                  VIA0402-TOP-GND-L2   (16.4790 -68.1130) TOP/GND-L2 
  GND                  VIA0402-TOP-GND-L2   (12.2880 -72.5250) TOP/GND-L2 
  GND                  VIA0402-TOP-GND-L2   (13.2610 -72.5250) TOP/GND-L2 
  GND                  VIA0402-TOP-GND-L2   (16.6270 -69.0690) TOP/GND-L2 
  GND                  VIA0402-TOP-GND-L2   (14.1260 -72.9280) TOP/GND-L2 
  GND                  VIA0402-TOP-GND-L2   (29.2080 -74.4690) TOP/GND-L2 
  GND                  VIA0402-TOP-GND-L2   (34.5980 -71.6500) TOP/GND-L2 
  GND                  VIA0402-TOP-GND-L2   (37.2690 -71.0300) TOP/GND-L2 
  GND                  VIA0402-TOP-GND-L2   (35.7040 -75.3100) TOP/GND-L2 
  GND                  VIA0402-TOP-GND-L2   (31.8900 -68.1000) TOP/GND-L2 
  GND                  VIA0402-TOP-GND-L2   (32.1100 -69.2500) TOP/GND-L2 
  GND                  VIA0402-TOP-GND-L2   (31.8900 -66.8000) TOP/GND-L2 
  GND                  VIA0402-BOTTOM-SIGNAL-L7 (37.8590 -71.1960) SIGNAL-L7/BOTTOM 
  GND                  VIA0402-TOP-GND-L2   (28.8360 -68.5960) TOP/GND-L2 
  GND                  VIA0402-TOP-GND-L2   (29.0570 -67.4740) TOP/GND-L2 
  GND                  VIA0402-TOP-GND-L2   (35.3320 -43.5220) TOP/GND-L2 
  GND                  VIA0402-TOP-GND-L2   (37.3530 -46.5350) TOP/GND-L2 
  GND                  VIA0402-BOTTOM-GND-L9 (14.9220 -45.4180) GND-L9/BOTTOM 
  GND                  VIA0402-BOTTOM-GND-L9 (17.5830 -44.0080) GND-L9/BOTTOM 
  GND                  VIA0402-BOTTOM-GND-L9 (18.7670 -44.2280) GND-L9/BOTTOM 
  GND                  VIA0402-TOP-GND-L2   (54.4050 -12.0790) TOP/GND-L2 
  GND                  VIA0402-TOP-GND-L2   (55.9920 -14.5020) TOP/GND-L2 
  GND                  VIA03015-TOP-SIGNAL-L8 (50.0080 -6.6130) TOP/SIGNAL-L8 
  GND                  VIA0402-BOTTOM-GND-L9 (50.0930 -71.1700) GND-L9/BOTTOM 
  GND                  VIA0402-BOTTOM-GND-L9 (47.1630 -72.1390) GND-L9/BOTTOM 
  GND                  VIA03015-BOTTOM-GND-L9 (49.4850 -62.5800) GND-L9/BOTTOM 
  GND                  VIA03015-BOTTOM-GND-L9 (52.7240 -56.2460) GND-L9/BOTTOM 
  GND                  VIA03015-TOP-GND-L2  (72.8000 -6.5500) TOP/GND-L2 
  GND                  VIA03015-TOP-GND-L2  (78.8000 -6.5500) TOP/GND-L2 
  GND                  VIA0402-TOP-GND-L2   (78.3540 -28.8290) TOP/GND-L2 
  GND                  VIA0402-TOP-GND-L2   (77.4010 -28.8370) TOP/GND-L2 
  GND                  VIA03015-TOP-GND-L2  (78.8000 -26.0500) TOP/GND-L2 
  GND                  VIA0402-TOP-GND-L2   (56.1190 -17.7710) TOP/GND-L2 
  GND                  VIA0402-TOP-GND-L2   (56.1190 -19.7340) TOP/GND-L2 
  GND                  VIA03015-TOP-GND-L2  (61.3200 -16.6000) TOP/GND-L2 
  GND                  VIA0402-TOP-GND-L2   (58.4710 -27.3450) TOP/GND-L2 
  GND                  VIA0402-TOP-GND-L2   (57.5210 -26.3840) TOP/GND-L2 
  GND                  VIA0402-TOP-GND-L2   (63.7350 -28.6000) TOP/GND-L2 
  GND                  VIA0402-TOP-GND-L2   (60.1010 -30.6590) TOP/GND-L2 
  GND                  VIA0402-TOP-GND-L2   (55.1590 -16.6650) TOP/GND-L2 
  GND                  VIA03015-TOP-GND-L2  (58.1200 -24.6000) TOP/GND-L2 
  GND                  VIA03015-TOP-GND-L2  (64.5200 -16.6000) TOP/GND-L2 
  GND                  VIA03015-TOP-GND-L2  (58.1200 -22.2000) TOP/GND-L2 
  GND                  VIA03015-TOP-GND-L2  (58.1200 -11.8000) TOP/GND-L2 
  GND                  VIA03015-TOP-GND-L2  (58.9200 -22.2000) TOP/GND-L2 
  GND                  VIA03015-TOP-GND-L2  (59.7200 -24.6000) TOP/GND-L2 
  GND                  VIA03015-TOP-GND-L2  (59.7200 -23.8000) TOP/GND-L2 
  GND                  VIA03015-TOP-GND-L2  (59.7200 -19.8000) TOP/GND-L2 
  GND                  VIA03015-TOP-GND-L2  (59.7200 -16.6000) TOP/GND-L2 
  GND                  VIA03015-TOP-GND-L2  (59.7200 -15.0000) TOP/GND-L2 
  GND                  VIA03015-TOP-GND-L2  (59.7200 -13.4000) TOP/GND-L2 
  GND                  VIA03015-TOP-GND-L2  (61.3200 -15.0000) TOP/GND-L2 
  GND                  VIA03015-TOP-GND-L2  (61.3200 -13.4000) TOP/GND-L2 
  GND                  VIA03015-TOP-GND-L2  (62.1200 -19.8000) TOP/GND-L2 
  GND                  VIA03015-TOP-GND-L2  (62.1200 -19.0000) TOP/GND-L2 
  GND                  VIA03015-TOP-GND-L2  (62.1200 -18.2000) TOP/GND-L2 
  GND                  VIA03015-TOP-GND-L2  (62.1200 -17.4000) TOP/GND-L2 
  GND                  VIA03015-TOP-GND-L2  (62.1200 -16.6000) TOP/GND-L2 
  GND                  VIA03015-TOP-GND-L2  (62.9200 -20.6000) TOP/GND-L2 
  GND                  VIA03015-TOP-GND-L2  (62.9200 -16.6000) TOP/GND-L2 
  GND                  VIA03015-TOP-GND-L2  (62.9200 -13.4000) TOP/GND-L2 
  GND                  VIA03015-TOP-GND-L2  (63.7200 -20.6000) TOP/GND-L2 
  GND                  VIA03015-TOP-GND-L2  (63.7200 -16.6000) TOP/GND-L2 
  GND                  VIA03015-TOP-GND-L2  (64.5200 -20.6000) TOP/GND-L2 
  GND                  VIA03015-TOP-GND-L2  (62.1200 -20.6000) TOP/GND-L2 
  GND                  VIA03015-TOP-GND-L2  (64.5200 -15.0000) TOP/GND-L2 
  GND                  VIA03015-TOP-GND-L2  (70.9200 -11.8000) TOP/GND-L2 
  GND                  VIA03015-TOP-GND-L2  (70.9200 -24.6000) TOP/GND-L2 
  GND                  VIA03015-TOP-GND-L2  (69.3200 -13.4000) TOP/GND-L2 
  GND                  VIA03015-TOP-GND-L2  (69.3200 -16.6000) TOP/GND-L2 
  GND                  VIA03015-TOP-GND-L2  (69.3200 -19.8000) TOP/GND-L2 
  GND                  VIA03015-TOP-GND-L2  (69.3200 -23.0000) TOP/GND-L2 
  GND                  VIA03015-TOP-GND-L2  (67.7200 -17.4000) TOP/GND-L2 
  GND                  VIA03015-TOP-GND-L2  (67.7200 -19.8000) TOP/GND-L2 
  GND                  VIA03015-TOP-GND-L2  (66.9200 -15.8000) TOP/GND-L2 
  GND                  VIA03015-TOP-GND-L2  (66.9200 -16.6000) TOP/GND-L2 
  GND                  VIA03015-TOP-GND-L2  (66.9200 -17.4000) TOP/GND-L2 
  GND                  VIA03015-TOP-GND-L2  (66.9200 -18.2000) TOP/GND-L2 
  GND                  VIA03015-TOP-GND-L2  (66.9200 -19.0000) TOP/GND-L2 
  GND                  VIA03015-TOP-GND-L2  (66.9200 -19.8000) TOP/GND-L2 
  GND                  VIA03015-TOP-GND-L2  (66.9200 -20.6000) TOP/GND-L2 
  GND                  VIA03015-TOP-GND-L2  (66.1200 -13.4000) TOP/GND-L2 
  GND                  VIA03015-TOP-GND-L2  (66.1200 -15.0000) TOP/GND-L2 
  GND                  VIA03015-TOP-GND-L2  (66.1200 -16.6000) TOP/GND-L2 
  GND                  VIA03015-TOP-GND-L2  (66.1200 -20.6000) TOP/GND-L2 
  GND                  VIA03015-TOP-GND-L2  (66.1200 -23.0000) TOP/GND-L2 
  GND                  VIA03015-TOP-GND-L2  (65.3200 -16.6000) TOP/GND-L2 
  GND                  VIA03015-TOP-GND-L2  (65.3200 -20.6000) TOP/GND-L2 
  GND                  VIA03015-TOP-GND-L2  (58.5000 -2.2000) TOP/GND-L2 
  GND                  VIA03015-TOP-GND-L2  (63.3000 -2.2000) TOP/GND-L2 
  GND                  VIA03015-TOP-GND-L2  (59.3000 -7.0000) TOP/GND-L2 
  GND                  VIA03015-TOP-GND-L2  (61.7000 -8.6000) TOP/GND-L2 
  GND                  VIA03015-TOP-GND-L2  (63.3000 -3.0000) TOP/GND-L2 
  GND                  VIA03015-TOP-GND-L2  (64.9000 -7.8000) TOP/GND-L2 
  GND                  VIA03015-TOP-GND-L2  (64.9000 -3.0000) TOP/GND-L2 
  GND                  VIA03015-TOP-GND-L2  (67.3000 -8.6000) TOP/GND-L2 
  GND                  VIA03015-TOP-GND-L2  (67.3000 -2.2000) TOP/GND-L2 
  GND                  VIA03015-TOP-GND-L2  (68.9000 -8.6000) TOP/GND-L2 
  GND                  VIA03015-TOP-GND-L2  (68.9000 -2.2000) TOP/GND-L2 
  GND                  VIA03015-TOP-GND-L2  (70.5000 -8.6000) TOP/GND-L2 
  GND                  VIA03015-TOP-GND-L2  (70.5000 -2.2000) TOP/GND-L2 
  GND                  VIA03015-TOP-GND-L2  (59.3000 -8.6000) TOP/GND-L2 
  GND                  VIA03015-TOP-GND-L2  (59.3000 -2.2000) TOP/GND-L2 
  GND                  VIA03015-TOP-GND-L2  (60.9000 -8.6000) TOP/GND-L2 
  GND                  VIA03015-TOP-GND-L2  (60.9000 -3.0000) TOP/GND-L2 
  GND                  VIA03015-TOP-GND-L2  (61.7000 -7.8000) TOP/GND-L2 
  GND                  VIA03015-TOP-GND-L2  (61.7000 -3.0000) TOP/GND-L2 
  GND                  VIA03015-TOP-GND-L2  (62.5000 -2.2000) TOP/GND-L2 
  GND                  VIA03015-TOP-GND-L2  (63.3000 -8.6000) TOP/GND-L2 
  GND                  VIA03015-BOTTOM-GND-L9 (81.5240 -26.8570) GND-L9/BOTTOM 
  GND                  VIA03015-BOTTOM-GND-L9 (76.7150 -26.8570) GND-L9/BOTTOM 
  GND                  VIA03015-BOTTOM-GND-L9 (77.6710 -26.8570) GND-L9/BOTTOM 
  GND                  VIA03015-BOTTOM-GND-L9 (78.6320 -26.8570) GND-L9/BOTTOM 
  GND                  VIA03015-BOTTOM-GND-L9 (83.4500 -26.8570) GND-L9/BOTTOM 
  GND                  VIA03015-BOTTOM-GND-L9 (84.4030 -26.8570) GND-L9/BOTTOM 
  GND                  VIA03015-TOP-GND-L2  (78.3310 -31.2310) TOP/GND-L2 
  GND                  VIA0402-TOP-GND-L2   (66.1470 -28.6100) TOP/GND-L2 
  GND                  VIA03015-TOP-GND-L2  (78.3310 -30.2880) TOP/GND-L2 
  GND                  VIA0402-TOP-GND-L2   (74.4240 -28.4440) TOP/GND-L2 
  GND                  VIA0402-TOP-GND-L2   (61.3600 -35.2780) TOP/GND-L2 
  GND                  VIA0402-TOP-GND-L2   (70.3520 -35.1650) TOP/GND-L2 
  GND                  VIA0402-TOP-GND-L2   (70.3520 -30.2880) TOP/GND-L2 
  GND                  VIA0402-TOP-GND-L2   (78.3310 -35.1680) TOP/GND-L2 
  GND                  VIA0402-TOP-GND-L2   (73.4620 -28.4340) TOP/GND-L2 
  GND                  VIA0402-TOP-GND-L2   (62.0010 -28.2590) TOP/GND-L2 
  GND                  VIA0402-TOP-GND-L2   (61.3600 -34.2870) TOP/GND-L2 
  GND                  VIA0402-TOP-GND-L2   (54.7660 -67.0840) TOP/GND-L2 
  GND                  VIA0402-TOP-GND-L2   (55.9000 -68.1920) TOP/GND-L2 
  GND                  VIA0402-TOP-GND-L2   (54.7560 -68.2130) TOP/GND-L2 
  GND                  VIA0402-TOP-GND-L2   (55.9210 -66.9600) TOP/GND-L2 
  GND                  VIA0402-TOP-GND-L2   (55.4000 -67.6000) TOP/GND-L2 
  GND                  VIA0402-BOTTOM-GND-L9 (63.1700 -66.5200) GND-L9/BOTTOM 
  GND                  VIA0402-TOP-GND-L2   (60.5500 -69.7200) TOP/GND-L2 
  GND                  VIA0402-BOTTOM-GND-L9 (56.9700 -66.5200) GND-L9/BOTTOM 
  GND                  VIA0402-TOP-GND-L2   (50.2500 -69.6800) TOP/GND-L2 
  GND                  VIA0402-BOTTOM-GND-L9 (55.6700 -62.5200) GND-L9/BOTTOM 
  GND                  VIA0402-BOTTOM-GND-L9 (55.0200 -62.5200) GND-L9/BOTTOM 
  GND                  VIA0402-BOTTOM-GND-L9 (63.6710 -59.0870) GND-L9/BOTTOM 
  GND                  VIA0402-BOTTOM-GND-L9 (62.1500 -72.3000) GND-L9/BOTTOM 
  GND                  VIA0402-BOTTOM-GND-L9 (56.0500 -72.3000) GND-L9/BOTTOM 
  GND                  VIA0402-BOTTOM-GND-L9 (57.0490 -75.0440) GND-L9/BOTTOM 
  GND                  VIA0402-BOTTOM-GND-L9 (72.1500 -72.3000) GND-L9/BOTTOM 
  GND                  VIA0402-TOP-GND-L2   (70.8000 -65.6000) TOP/GND-L2 
  GND                  VIA0402-TOP-GND-L2   (70.8000 -64.3000) TOP/GND-L2 
  GND                  VIA0402-TOP-GND-L2   (62.1500 -69.6800) TOP/GND-L2 
  GND                  VIA0402-TOP-GND-L2   (72.6500 -69.7200) TOP/GND-L2 
  GND                  VIA0402-TOP-GND-L2   (63.1300 -72.1500) TOP/GND-L2 
  GND                  VIA0402-BOTTOM-GND-L9 (66.0500 -72.3000) GND-L9/BOTTOM 
  GND                  VIA0402-TOP-GND-L2   (66.7340 -67.0660) TOP/GND-L2 
  GND                  VIA0402-TOP-GND-L2   (66.7860 -68.2030) TOP/GND-L2 
  GND                  VIA0402-TOP-GND-L2   (67.9510 -68.2110) TOP/GND-L2 
  GND                  VIA0402-TOP-GND-L2   (67.9820 -66.9890) TOP/GND-L2 
  GND                  VIA0402-TOP-GND-L2   (67.4000 -67.6000) TOP/GND-L2 
  GND                  VIA0402-BOTTOM-GND-L9 (73.1660 -66.5200) GND-L9/BOTTOM 
  GND                  VIA0402-BOTTOM-GND-L9 (67.0700 -66.5200) GND-L9/BOTTOM 
  GND                  VIA0402-BOTTOM-GND-L9 (71.8660 -62.5200) GND-L9/BOTTOM 
  GND                  VIA0402-BOTTOM-GND-L9 (71.2160 -62.5200) GND-L9/BOTTOM 
  GND                  VIA0402-BOTTOM-GND-L9 (73.7570 -59.0870) GND-L9/BOTTOM 
  GND                  VIA0402-BOTTOM-GND-L9 (68.5310 -59.0870) GND-L9/BOTTOM 
  GND                  VIA0402-BOTTOM-GND-L9 (71.7570 -60.0370) GND-L9/BOTTOM 
  GND                  VIA0402-BOTTOM-GND-L9 (83.4500 -71.7700) GND-L9/BOTTOM 
  GND                  VIA0402-BOTTOM-GND-L9 (81.5500 -72.7700) GND-L9/BOTTOM 
  GND                  VIA0402-BOTTOM-GND-L9 (74.8000 -65.2000) GND-L9/BOTTOM 
  GND                  VIA0402-BOTTOM-GND-L9 (77.3000 -62.7000) GND-L9/BOTTOM 
  GND                  VIA0402-BOTTOM-GND-L9 (74.8000 -63.9000) GND-L9/BOTTOM 
  GND                  VIA0402-BOTTOM-GND-L9 (79.8000 -68.5000) GND-L9/BOTTOM 
  GND                  VIA0402-BOTTOM-GND-L9 (80.5650 -68.4790) GND-L9/BOTTOM 
  GND                  VIA0402-BOTTOM-GND-L9 (78.9730 -68.4960) GND-L9/BOTTOM 
  GND                  VIA0402-BOTTOM-GND-L9 (79.7970 -67.6760) GND-L9/BOTTOM 
  GND                  VIA0402-BOTTOM-GND-L9 (79.7970 -69.3870) GND-L9/BOTTOM 
  GND                  VIA0402-BOTTOM-GND-L9 (79.2626 -66.1948) GND-L9/BOTTOM 
  GND                  VIA0402-BOTTOM-GND-L9 (74.9200 -70.1740) GND-L9/BOTTOM 
  GND                  VIA0402-TOP-GND-L2   (84.5000 -65.3000) TOP/GND-L2 
  GND                  VIA0402-TOP-GND-L2   (84.5000 -64.0000) TOP/GND-L2 
  GND                  VIA0402-TOP-GND-L2   (76.5500 -71.6700) TOP/GND-L2 
  GND                  VIA0402-TOP-GND-L2   (78.4500 -73.2700) TOP/GND-L2 
  GND                  VIA0402-TOP-GND-L2   (84.2700 -70.3500) TOP/GND-L2 
  GND                  VIA0402-TOP-GND-L2   (84.2800 -59.0500) TOP/GND-L2 
  GND                  VIA0402-TOP-GND-L2   (84.2900 -58.0500) TOP/GND-L2 
  GND                  VIA0402-TOP-GND-L2   (80.8500 -59.7000) TOP/GND-L2 
  GND                  VIA0402-TOP-GND-L2   (75.5300 -60.9500) TOP/GND-L2 
  GND                  VIA0402-BOTTOM-GND-L9 (61.2620 -75.0440) GND-L9/BOTTOM 
  GND                  VIA0402-BOTTOM-GND-L9 (62.9720 -75.0440) GND-L9/BOTTOM 
  GND                  VIA0402-BOTTOM-GND-L9 (55.2880 -75.0440) GND-L9/BOTTOM 
  GND                  VIA0402-BOTTOM-GND-L9 (53.5600 -75.0440) GND-L9/BOTTOM 
  GND                  VIA0402-BOTTOM-GND-L9 (71.7280 -75.0440) GND-L9/BOTTOM 
  GND                  VIA0402-BOTTOM-GND-L9 (68.2810 -75.0440) GND-L9/BOTTOM 
  GND                  VIA0402-BOTTOM-GND-L9 (66.5150 -75.0440) GND-L9/BOTTOM 
  GND                  VIA0402-BOTTOM-GND-L9 (64.7560 -75.0440) GND-L9/BOTTOM 
  GND                  VIA0402-BOTTOM-GND-L9 (68.6390 -71.5740) GND-L9/BOTTOM 
  GND                  VIA0402-BOTTOM-GND-L9 (69.6090 -70.2430) GND-L9/BOTTOM 
  GND                  VIA0402-TOP-GND-L2   (70.8000 -66.9000) TOP/GND-L2 
  GND                  VIA0402-BOTTOM-GND-L9 (74.8000 -66.5000) GND-L9/BOTTOM 
  GND                  VIA0402-TOP-GND-L2   (84.5000 -66.6000) TOP/GND-L2 
  GND                  VIA0402-BOTTOM-GND-L9 (68.5040 -55.2510) GND-L9/BOTTOM 
  GND                  VIA0402-BOTTOM-GND-L9 (68.5040 -51.9700) GND-L9/BOTTOM 
  GND                  VIA03015-TOP-GND-L2  (64.4010 -54.9030) TOP/GND-L2 
  GND                  VIA03015-TOP-GND-L2  (64.4010 -50.4030) TOP/GND-L2 
  GND                  VIA03015-TOP-GND-L2  (64.4010 -49.9030) TOP/GND-L2 
  GND                  VIA0402-TOP-GND-L2   (48.5990 -58.9020) TOP/GND-L2 
  GND                  VIA03015-TOP-GND-L2  (62.0030 -61.3020) TOP/GND-L2 
  GND                  VIA0402-TOP-GND-L2   (74.0500 -59.7000) TOP/GND-L2 
  GND                  VIA0402-TOP-GND-L2   (76.7000 -58.5000) TOP/GND-L2 
  GND                  VIA0402-TOP-GND-L2   (76.7000 -59.8000) TOP/GND-L2 
  GND                  VIA0402-BOTTOM-GND-L9 (62.7000 -59.0870) GND-L9/BOTTOM 
  GND                  VIA0402-BOTTOM-GND-L9 (61.3800 -44.7600) GND-L9/BOTTOM 
  GND                  VIA0402-TOP-GND-L2   (67.9900 -48.8960) TOP/GND-L2 
  NAND_NRDY            VIA03015-BOTTOM-SIGNAL-L4 (76.0690 -27.9850) SIGNAL-L4/BOTTOM 
  ENET2_TX_CLK         VIA03015-TOP-SIGNAL-L4 (68.5200 -24.6000) TOP/SIGNAL-L4 
  BOOT_MODE0           VIA03015-TOP-SIGNAL-L4 (82.6910 -28.8340) TOP/SIGNAL-L4 
  BOOT_MODE0           VIA03015-TOP-SIGNAL-L4 (58.9200 -19.0000) TOP/SIGNAL-L4 

<< Summary >>
  Total dangling lines:       6
  Total dangling vias:      337
  Total antenna vias:       335
