(---------------------------------------------------------------------)
(                                                                     )
(    Dangling Line, Via and Antenna Report                            )
(                                                                     )
(    Drawing          : FLASHLIGHT_V23.brd                            )
(    Software Version : 17.4S017                                      )
(    Date/Time        : Mon Apr 18 14:47:59 2022                      )
(                                                                     )
(---------------------------------------------------------------------)


Report methodology:
  - Dangling lines have at least one end not connected.
  - Dangling vias have one or no connection
      - Plus are not a test, thieving or netshort property via.
  - Antenna vias do not have connections on their start and end layers.
      - Plus they are not a thieving vias.
      - Optionally, VOLTAGE nets, testvias and through vias can be suppressed with
        the environment variable report_antennavia.
      - Section may be suppressed by variable report_noantennavia.
  - Not part of the current partition.
  - To suppress items in dangle report add the OK_DANGLE property to the via
    or connect line.

<< Dangling Lines >>  - Location marked with a star (*) is dangling.
  Net                 Layer                  Length       Location
  ------------------------------------------------------------------------------------------
  N01776               BOTTOM                0.5813     *(15.2500 -27.2100) to  (14.6770 -27.2300)
  N01207               TOP                   1.3000      (5.6500 -24.0500) to *(4.3500 -24.0500)
  N00551               BOTTOM                0.7813     *(9.2100 -26.5500) to  (9.2300 -25.7770)


<< Antenna Vias >>
  Net                  Padstack               Location            Layers
  ---------------------------------------------------------------------------
  N9307028             VIA_0D4_0D2          (23.8000 -23.4000) TOP/BOTTOM 
  IO_UART3_TX          VIA_0D4_0D2          (31.9000 -7.4000) TOP/BOTTOM 
  IO_UART3_TX          VIA_0D4_0D2          (27.5000 -16.4000) TOP/BOTTOM 
  I2C0_SCL             VIA_0D3_0D15         (42.1500 -27.9000) TOP/BOTTOM 
  I2C0_SCL             VIA_0D3_0D15         (15.6000 -26.4000) TOP/BOTTOM 
  I2C0_SDA             VIA_0D3_0D15         (42.6500 -27.7520) TOP/BOTTOM 
  I2C0_SDA             VIA_0D3_0D15         (14.7000 -26.4000) TOP/BOTTOM 
  N9291868             VIA_0D4_0D2          (44.4300 -42.0000) TOP/BOTTOM 
  N9291868             VIA_0D4_0D2          (48.0000 -36.0000) TOP/BOTTOM 
  IO_FL_SUB            VIA_0D3_0D15         (20.3500 -13.1000) TOP/BOTTOM 
  IO_FL_SUB            VIA_0D3_0D15         (24.7000 -7.2000) TOP/BOTTOM 
  TIMER3_CH1           VIA_0D3_0D15         (41.1500 -27.7520) TOP/BOTTOM 
  TIMER3_CH1           VIA_0D4_0D2          (29.5500 -31.4000) TOP/BOTTOM 
  TIMER3_CH0           VIA_0D3_0D15         (40.6500 -27.9000) TOP/BOTTOM 
  TIMER3_CH0           VIA_0D4_0D2          (28.5500 -31.4000) TOP/BOTTOM 
  TIMER7_CH0           VIA_0D3_0D15         (34.9520 -19.7500) TOP/BOTTOM 
  TIMER7_CH0           VIA_0D4_0D2          (9.3000 -32.3300) TOP/BOTTOM 
  TIMER7_CH1           VIA_0D4_0D2          (6.5500 -31.5000) TOP/BOTTOM 
  TIMER7_CH1           VIA_0D3_0D15         (35.3000 -20.2500) TOP/BOTTOM 
  LASER_MODE4          VIA_0D3_0D15         (44.8480 -18.7500) TOP/BOTTOM 
  LASER_MODE4          VIA_0D4_0D2          (28.0400 -11.5000) TOP/BOTTOM 
  LASER_MODE3          VIA_0D4_0D2          (29.9600 -11.5000) TOP/BOTTOM 
  LASER_MODE3          VIA_0D3_0D15         (40.6500 -15.2480) TOP/BOTTOM 
  LASER_MODE2          VIA_0D3_0D15         (44.8480 -24.7500) TOP/BOTTOM 
  LASER_MODE2          VIA_0D4_0D2          (32.7400 -11.5000) TOP/BOTTOM 
  LASER_MODE1          VIA_0D3_0D15         (41.1500 -15.1000) TOP/BOTTOM 
  LASER_MODE1          VIA_0D4_0D2          (34.6600 -11.5400) TOP/BOTTOM 
  IO_LASER_MODE2       VIA_0D3_0D15         (33.6000 -7.5000) TOP/BOTTOM 
  IO_LASER_MODE2       VIA_0D3_0D15         (26.7000 -7.4000) TOP/BOTTOM 
  IO_LASER_MODE1       VIA_0D3_0D15         (34.5000 -7.5000) TOP/BOTTOM 
  IO_LASER_MODE1       VIA_0D3_0D15         (27.7000 -7.2000) TOP/BOTTOM 
  N9286753             VIA_0D4_0D2          (41.3000 -31.8000) TOP/BOTTOM 
  N9286753             VIA_0D4_0D2          (41.9000 -31.8000) TOP/BOTTOM 
  N9286753             VIA_0D4_0D2          (45.7000 -33.6000) TOP/BOTTOM 
  VISEN-1              VIA_0D4_0D2          (10.3000 -35.6500) TOP/BOTTOM 
  VISEN-2              VIA_0D4_0D2          (24.7000 -35.6500) TOP/BOTTOM 
  VSYS                 VIA_0D4_0D2          (63.2730 -28.7000) TOP/BOTTOM 
  VSYS                 VIA_0D4_0D2          (66.2140 -28.7730) TOP/BOTTOM 
  VSYS                 VIA_0D4_0D2          (66.5210 -28.3180) TOP/BOTTOM 
  VSYS                 VIA_0D4_0D2          (66.6130 -27.6380) TOP/BOTTOM 
  VSYS                 VIA_0D4_0D2          (66.6170 -26.9450) TOP/BOTTOM 
  VSYS                 VIA_0D4_0D2          (65.4000 -31.5000) TOP/BOTTOM 
  VSYS                 VIA_0D4_0D2          (65.4000 -32.3000) TOP/BOTTOM 
  VSYS                 VIA_0D4_0D2          (65.4000 -33.1000) TOP/BOTTOM 
  VSYS                 VIA_0D4_0D2          (65.4000 -33.9000) TOP/BOTTOM 
  VSYS                 VIA_0D4_0D2          (65.4000 -34.7000) TOP/BOTTOM 
  VSYS                 VIA_0D4_0D2          (65.4000 -35.6000) TOP/BOTTOM 
  UP_SW                VIA_0D3_0D15         (40.1500 -15.1000) TOP/BOTTOM 
  UP_SW                VIA_0D4_0D2          (25.2600 -11.5400) TOP/BOTTOM 
  N03591               VIA_0D4_0D2          (61.7000 -31.7000) TOP/BOTTOM 
  N03591               VIA_0D4_0D2          (57.4000 -28.7000) TOP/BOTTOM 
  VDD33_WIFI           VIA_0D4_0D2          (36.9000 -6.3000) TOP/BOTTOM 
  VDD33_WIFI           VIA_0D4_0D2          (36.9000 -6.9000) TOP/BOTTOM 
  VDD33_WIFI           VIA_0D4_0D2          (29.9000 -5.0000) TOP/BOTTOM 
  N22131               VIA_0D4_0D2          (25.3500 -29.0000) TOP/BOTTOM 
  N22131               VIA_0D4_0D2          (22.8200 -33.8000) TOP/BOTTOM 
  VDD33                VIA_0D4_0D2          (41.2500 -2.5450) TOP/BOTTOM 
  VDD33                VIA_0D4_0D2          (29.6000 -16.4950) TOP/BOTTOM 
  VDD33                VIA_0D4_0D2          (27.5500 -31.4000) TOP/BOTTOM 
  VDD33                VIA_0D4_0D2          (5.5500 -31.5000) TOP/BOTTOM 
  VDD33                VIA_0D4_0D2          (24.8000 -4.9000) TOP/BOTTOM 
  VDD33                VIA_0D4_0D2          (23.8000 -4.9000) TOP/BOTTOM 
  VDD33                VIA_0D4_0D2          (35.8000 -15.1000) TOP/BOTTOM 
  VDD33                VIA_0D4_0D2          (40.4300 -20.7770) TOP/BOTTOM 
  VDD33                VIA_0D4_0D2          (42.3000 -19.5000) TOP/BOTTOM 
  VDD33                VIA_0D4_0D2          (51.7000 -19.0000) TOP/BOTTOM 
  VDD33                VIA_0D4_0D2          (53.0000 -26.1500) TOP/BOTTOM 
  VDD33                VIA_0D4_0D2          (39.1600 -24.3230) TOP/BOTTOM 
  VDD33                VIA_0D4_0D2          (13.3000 -26.4000) TOP/BOTTOM 
  VDD33                VIA_0D4_0D2          (55.8000 -11.4000) TOP/BOTTOM 
  VDD33                VIA_0D4_0D2          (51.0500 -9.1500) TOP/BOTTOM 
  VDD33                VIA_0D4_0D2          (52.9000 -8.6770) TOP/BOTTOM 
  VDD33                VIA_0D4_0D2          (60.0000 -6.7230) TOP/BOTTOM 
  VDD33                VIA_0D4_0D2          (60.0000 -6.0000) TOP/BOTTOM 
  VDD33                VIA_0D4_0D2          (60.6000 -6.0000) TOP/BOTTOM 
  VDD33                VIA_0D4_0D2          (60.6000 -6.7000) TOP/BOTTOM 
  VDD33                VIA_0D4_0D2          (62.9000 -10.9000) TOP/BOTTOM 
  ADC_RDY              VIA_0D3_0D15         (15.2500 -19.1000) TOP/BOTTOM 
  ADC_RDY              VIA_0D3_0D15         (33.6480 -23.7500) TOP/BOTTOM 
  ADC_VR2              VIA_0D4_0D2          (10.1500 -10.1500) TOP/BOTTOM 
  ADC_VR2              VIA_0D4_0D2          (2.0500 -22.3000) TOP/BOTTOM 
  N59140               VIA_0D4_0D2          (10.1000 -13.2000) TOP/BOTTOM 
  IO_M2_OUT2           VIA_0D8_0D5          (18.5000 -41.3770) TOP/BOTTOM 
  IO_M2_OUT2           VIA_0D8_0D5          (30.5000 -41.5000) TOP/BOTTOM 
  IO_M2_OUT1           VIA_0D8_0D5          (20.5000 -41.3770) TOP/BOTTOM 
  IO_M2_OUT1           VIA_0D8_0D5          (27.9600 -41.5000) TOP/BOTTOM 
  IO_M1_OUT2           VIA_0D8_0D5          (14.5000 -41.3770) TOP/BOTTOM 
  IO_M1_OUT2           VIA_0D8_0D5          (8.3000 -41.5000) TOP/BOTTOM 
  IO_M1_OUT1           VIA_0D8_0D5          (16.5000 -41.3770) TOP/BOTTOM 
  IO_M1_OUT1           VIA_0D8_0D5          (5.7600 -41.5000) TOP/BOTTOM 
  VDD12                VIA_0D4_0D2          (41.2000 -45.0000) TOP/BOTTOM 
  N01526               VIA_0D4_0D2          (7.4700 -25.9270) TOP/BOTTOM 
  N01526               VIA_0D4_0D2          (13.5000 -24.4730) TOP/BOTTOM 
  IO_UART4_RX          VIA_0D4_0D2          (20.8000 -5.1000) TOP/BOTTOM 
  IO_UART4_RX          VIA_0D4_0D2          (19.6000 -12.7000) TOP/BOTTOM 
  IO_UART4_TX          VIA_0D4_0D2          (19.8000 -5.1000) TOP/BOTTOM 
  IO_UART4_TX          VIA_0D4_0D2          (18.1000 -16.4000) TOP/BOTTOM 
  N01493               VIA_0D4_0D2          (13.0000 -21.1000) TOP/BOTTOM 
  N01493               VIA_0D4_0D2          (7.5000 -20.8270) TOP/BOTTOM 
  UART4_RX             VIA_0D3_0D15         (21.0000 -16.6000) TOP/BOTTOM 
  UART4_RX             VIA_0D3_0D15         (20.6000 -18.9000) TOP/BOTTOM 
  IO_SHOT_SW2          VIA_0D3_0D15         (28.7000 -13.2000) TOP/BOTTOM 
  IO_SHOT_SW2          VIA_0D3_0D15         (30.7000 -7.4000) TOP/BOTTOM 
  IO_SHOT_SW1          VIA_0D3_0D15         (24.2000 -13.1000) TOP/BOTTOM 
  IO_SHOT_SW1          VIA_0D3_0D15         (31.7000 -5.2000) TOP/BOTTOM 
  SET_SW               VIA_0D3_0D15         (40.1500 -26.2000) TOP/BOTTOM 
  SET_SW               VIA_0D4_0D2          (37.9400 -11.5000) TOP/BOTTOM 
  SHOT_SW2             VIA_0D3_0D15         (27.5130 -18.3000) TOP/BOTTOM 
  SHOT_SW2             VIA_0D3_0D15         (33.6480 -20.7500) TOP/BOTTOM 
  RIGHT_SW             VIA_0D3_0D15         (38.6500 -15.2480) TOP/BOTTOM 
  RIGHT_SW             VIA_0D4_0D2          (18.6400 -11.4000) TOP/BOTTOM 
  SHOT_SW1             VIA_0D3_0D15         (33.5000 -21.2500) TOP/BOTTOM 
  SHOT_SW1             VIA_0D3_0D15         (24.3000 -17.7000) TOP/BOTTOM 
  LEFT_SW              VIA_0D3_0D15         (39.1500 -15.1000) TOP/BOTTOM 
  LEFT_SW              VIA_0D4_0D2          (20.5600 -11.4000) TOP/BOTTOM 
  DOWN_SW              VIA_0D3_0D15         (39.6500 -15.2480) TOP/BOTTOM 
  DOWN_SW              VIA_0D4_0D2          (23.3400 -11.5000) TOP/BOTTOM 
  IO_SET               VIA_0D3_0D15         (34.7000 -5.1000) TOP/BOTTOM 
  IO_SET               VIA_0D3_0D15         (38.6000 -7.5000) TOP/BOTTOM 
  FL_SUB               VIA_0D3_0D15         (18.1130 -18.3000) TOP/BOTTOM 
  FL_SUB               VIA_0D3_0D15         (33.5000 -23.2500) TOP/BOTTOM 
  FL_ADD               VIA_0D3_0D15         (24.2000 -18.3000) TOP/BOTTOM 
  FL_ADD               VIA_0D3_0D15         (33.6480 -21.7500) TOP/BOTTOM 
  IO_FL_ADD            VIA_0D3_0D15         (25.0500 -13.1000) TOP/BOTTOM 
  IO_FL_ADD            VIA_0D3_0D15         (25.7000 -7.2000) TOP/BOTTOM 
  SWDIO                VIA_0D3_0D15         (62.7500 -8.4000) TOP/BOTTOM 
  SWDIO                VIA_0D3_0D15         (34.9000 -24.2500) TOP/BOTTOM 
  SWCLK                VIA_0D3_0D15         (59.3000 -10.0800) TOP/BOTTOM 
  SWCLK                VIA_0D3_0D15         (36.1500 -26.4480) TOP/BOTTOM 
  N57821               VIA_0D4_0D2          (7.5000 -11.9000) TOP/BOTTOM 
  VDD55                VIA_0D4_0D2          (54.6000 -16.8000) TOP/BOTTOM 
  VDD55                VIA_0D4_0D2          (53.9000 -17.3500) TOP/BOTTOM 
  VDD55                VIA_0D4_0D2          (52.3230 -15.4500) TOP/BOTTOM 
  VDD55                VIA_0D4_0D2          (55.9000 -12.3700) TOP/BOTTOM 
  VDD55                VIA_0D4_0D2          (58.8000 -12.5900) TOP/BOTTOM 
  VDD55                VIA_0D4_0D2          (63.2000 -12.3700) TOP/BOTTOM 
  VDD55                VIA_0D4_0D2          (42.6000 -3.7160) TOP/BOTTOM 
  VDD55                VIA_0D4_0D2          (42.0000 -3.7160) TOP/BOTTOM 
  N25623               VIA_0D4_0D2          (24.8000 -23.4000) TOP/BOTTOM 
  ADC_VR1              VIA_0D4_0D2          (8.9500 -10.1500) TOP/BOTTOM 
  ADC_VR1              VIA_0D4_0D2          (2.0500 -19.7000) TOP/BOTTOM 
  N18762               VIA_0D4_0D2          (22.8500 -29.0000) TOP/BOTTOM 
  N18762               VIA_0D4_0D2          (12.0800 -33.8000) TOP/BOTTOM 
  N09307               VIA_0D4_0D2          (60.5300 -28.7110) TOP/BOTTOM 
  N09307               VIA_0D4_0D2          (57.5000 -26.0000) TOP/BOTTOM 
  GND                  VIA_0D4_0D2          (3.0800 -30.9210) TOP/BOTTOM 
  GND                  VIA_0D4_0D2          (32.7200 -38.0700) TOP/BOTTOM 
  GND                  VIA_0D4_0D2          (42.5000 -45.1000) TOP/BOTTOM 
  GND                  VIA_0D4_0D2          (46.4000 -45.1000) TOP/BOTTOM 
  GND                  VIA_0D4_0D2          (50.8000 -40.5000) TOP/BOTTOM 
  GND                  VIA_0D4_0D2          (50.8000 -39.8000) TOP/BOTTOM 
  GND                  VIA_0D4_0D2          (50.8000 -39.1000) TOP/BOTTOM 
  GND                  VIA_0D4_0D2          (50.8000 -38.4000) TOP/BOTTOM 
  GND                  VIA_0D4_0D2          (50.8000 -37.7000) TOP/BOTTOM 
  GND                  VIA_0D4_0D2          (52.9000 -40.5000) TOP/BOTTOM 
  GND                  VIA_0D4_0D2          (52.9000 -39.8000) TOP/BOTTOM 
  GND                  VIA_0D4_0D2          (52.9000 -39.1000) TOP/BOTTOM 
  GND                  VIA_0D4_0D2          (52.9000 -38.4000) TOP/BOTTOM 
  GND                  VIA_0D4_0D2          (52.9000 -37.7000) TOP/BOTTOM 
  GND                  VIA_0D4_0D2          (50.2000 -34.0000) TOP/BOTTOM 
  GND                  VIA_0D4_0D2          (64.1000 -41.2000) TOP/BOTTOM 
  GND                  VIA_0D4_0D2          (65.1730 -41.1730) TOP/BOTTOM 
  GND                  VIA_0D4_0D2          (7.5500 -31.5000) TOP/BOTTOM 
  GND                  VIA_0D4_0D2          (10.4000 -34.5500) TOP/BOTTOM 
  GND                  VIA_0D4_0D2          (24.5000 -34.5500) TOP/BOTTOM 
  GND                  VIA_0D4_0D2          (26.5500 -31.4000) TOP/BOTTOM 
  GND                  VIA_0D4_0D2          (45.1000 -42.5730) TOP/BOTTOM 
  GND                  VIA_0D4_0D2          (57.5000 -25.0000) TOP/BOTTOM 
  GND                  VIA_0D4_0D2          (18.7000 -6.5000) TOP/BOTTOM 
  GND                  VIA_0D4_0D2          (18.7000 -5.9000) TOP/BOTTOM 
  GND                  VIA_0D4_0D2          (18.1000 -5.9000) TOP/BOTTOM 
  GND                  VIA_0D4_0D2          (18.1000 -6.5000) TOP/BOTTOM 
  GND                  VIA_0D4_0D2          (22.5900 -18.5260) TOP/BOTTOM 
  GND                  VIA_0D4_0D2          (25.7090 -16.8460) TOP/BOTTOM 
  GND                  VIA_0D4_0D2          (65.1000 -8.4000) TOP/BOTTOM 
  GND                  VIA_0D4_0D2          (56.8000 -3.6000) TOP/BOTTOM 
  GND                  VIA_0D4_0D2          (55.8000 -3.6000) TOP/BOTTOM 
  GND                  VIA_0D4_0D2          (61.2000 -8.7000) TOP/BOTTOM 
  GND                  VIA_0D4_0D2          (58.7000 -10.6000) TOP/BOTTOM 
  GND                  VIA_0D3_0D15         (59.2000 -11.8000) TOP/BOTTOM 
  GND                  VIA_0D4_0D2          (50.9500 -8.0500) TOP/BOTTOM 
  GND                  VIA_0D4_0D2          (52.3000 -16.4000) TOP/BOTTOM 
  GND                  VIA_0D4_0D2          (54.6000 -19.1000) TOP/BOTTOM 
  GND                  VIA_0D4_0D2          (49.3270 -25.5300) TOP/BOTTOM 
  GND                  VIA_0D4_0D2          (41.9760 -4.6760) TOP/BOTTOM 
  GND                  VIA_0D4_0D2          (42.8000 -14.4000) TOP/BOTTOM 
  GND                  VIA_0D4_0D2          (47.5030 -23.8500) TOP/BOTTOM 
  GND                  VIA_0D4_0D2          (46.2800 -19.7500) TOP/BOTTOM 
  GND                  VIA_0D4_0D2          (36.0000 -4.9270) TOP/BOTTOM 
  GND                  VIA_0D4_0D2          (37.8900 -24.3230) TOP/BOTTOM 
  GND                  VIA_0D4_0D2          (30.9000 -5.0000) TOP/BOTTOM 
  GND                  VIA_0D4_0D2          (28.0500 -15.8500) TOP/BOTTOM 
  GND                  VIA_0D4_0D2          (26.7500 -20.3000) TOP/BOTTOM 
  GND                  VIA_0D4_0D2          (30.6000 -21.2100) TOP/BOTTOM 
  GND                  VIA_0D4_0D2          (26.6500 -29.0000) TOP/BOTTOM 
  GND                  VIA_0D4_0D2          (30.6800 -27.7800) TOP/BOTTOM 
  GND                  VIA_0D4_0D2          (21.8000 -4.5000) TOP/BOTTOM 
  GND                  VIA_0D4_0D2          (22.8000 -4.5000) TOP/BOTTOM 
  GND                  VIA_0D4_0D2          (18.6500 -10.4000) TOP/BOTTOM 
  GND                  VIA_0D4_0D2          (23.3500 -15.8000) TOP/BOTTOM 
  GND                  VIA_0D4_0D2          (18.6500 -15.8500) TOP/BOTTOM 
  GND                  VIA_0D4_0D2          (21.4500 -20.3000) TOP/BOTTOM 
  GND                  VIA_0D4_0D2          (24.7500 -20.3000) TOP/BOTTOM 
  GND                  VIA_0D4_0D2          (18.2500 -20.5000) TOP/BOTTOM 
  GND                  VIA_0D4_0D2          (18.2500 -28.5000) TOP/BOTTOM 
  GND                  VIA_0D4_0D2          (21.5500 -29.0000) TOP/BOTTOM 
  GND                  VIA_0D4_0D2          (24.0500 -29.0000) TOP/BOTTOM 
  GND                  VIA_0D4_0D2          (10.8000 -5.3000) TOP/BOTTOM 
  GND                  VIA_0D4_0D2          (12.8000 -5.3000) TOP/BOTTOM 
  GND                  VIA_0D4_0D2          (12.1500 -16.7000) TOP/BOTTOM 
  GND                  VIA_0D4_0D2          (13.2000 -16.7000) TOP/BOTTOM 
  GND                  VIA_0D4_0D2          (16.1000 -14.8100) TOP/BOTTOM 
  GND                  VIA_0D4_0D2          (16.0900 -10.0100) TOP/BOTTOM 
  GND                  VIA_0D4_0D2          (14.0000 -21.1270) TOP/BOTTOM 
  GND                  VIA_0D4_0D2          (15.0000 -21.1270) TOP/BOTTOM 
  GND                  VIA_0D4_0D2          (11.4000 -22.7500) TOP/BOTTOM 
  GND                  VIA_0D4_0D2          (11.4000 -25.3500) TOP/BOTTOM 
  GND                  VIA_0D4_0D2          (7.1000 -8.5100) TOP/BOTTOM 
  GND                  VIA_0D4_0D2          (6.8800 -15.0200) TOP/BOTTOM 
  GND                  VIA_0D4_0D2          (2.2000 -16.6000) TOP/BOTTOM 
  GND                  VIA_0D4_0D2          (5.2000 -15.0000) TOP/BOTTOM 
  GND                  VIA_0D4_0D2          (6.5100 -24.7000) TOP/BOTTOM 
  GND                  VIA_0D4_0D2          (6.5100 -20.8270) TOP/BOTTOM 
  GND                  VIA_0D4_0D2          (8.2000 -19.7000) TOP/BOTTOM 
  GND                  VIA_0D4_0D2          (2.0500 -27.1000) TOP/BOTTOM 
  VDD5                 VIA_0D4_0D2          (15.6000 -12.6000) TOP/BOTTOM 
  VDD5                 VIA_0D4_0D2          (10.4130 -11.2100) TOP/BOTTOM 
  VDD5                 VIA_0D4_0D2          (1.8000 -7.9000) TOP/BOTTOM 
  VDD5                 VIA_0D4_0D2          (1.9000 -12.7000) TOP/BOTTOM 
  VDD5                 VIA_0D4_0D2          (15.2500 -16.7000) TOP/BOTTOM 
  VDD5                 VIA_0D4_0D2          (15.5000 -7.9000) TOP/BOTTOM 
  ADC012_IN13          VIA_0D3_0D15         (44.4000 -21.7500) TOP/BOTTOM 
  ADC012_IN13          VIA_0D4_0D2          (30.7000 -26.8000) TOP/BOTTOM 
  ADC012_IN12          VIA_0D3_0D15         (44.8480 -21.2500) TOP/BOTTOM 
  ADC012_IN12          VIA_0D4_0D2          (18.2500 -26.1000) TOP/BOTTOM 
  ADC012_IN11          VIA_0D3_0D15         (44.4000 -20.7500) TOP/BOTTOM 
  ADC012_IN11          VIA_0D4_0D2          (30.6000 -22.1700) TOP/BOTTOM 
  ADC012_IN10          VIA_0D3_0D15         (44.8480 -20.2500) TOP/BOTTOM 
  ADC012_IN10          VIA_0D3_0D15         (18.2000 -23.0000) TOP/BOTTOM 
  DAC_OUT1             VIA_0D3_0D15         (39.9000 -28.8000) TOP/BOTTOM 
  DAC_OUT1             VIA_0D3_0D15         (30.0000 -29.1000) TOP/BOTTOM 
  DAC_OUT1             VIA_0D4_0D2          (25.7000 -32.3300) TOP/BOTTOM 
  DAC_OUT0             VIA_0D3_0D15         (39.3000 -28.7000) TOP/BOTTOM 
  DAC_OUT0             VIA_0D4_0D2          (9.2919 -33.4640) TOP/BOTTOM 
  VDD12_MOTOR          VIA_0D4_0D2          (32.7300 -36.7000) TOP/BOTTOM 
  VDD12_MOTOR          VIA_0D4_0D2          (26.1280 -40.5980) TOP/BOTTOM 
  VDD12_MOTOR          VIA_0D4_0D2          (26.1380 -39.9510) TOP/BOTTOM 
  VDD12_MOTOR          VIA_0D4_0D2          (3.9380 -40.5830) TOP/BOTTOM 
  VDD12_MOTOR          VIA_0D4_0D2          (3.9380 -39.9270) TOP/BOTTOM 
  VDD12_MOTOR          VIA_0D4_0D2          (3.0800 -34.0000) TOP/BOTTOM 
  VDD12_MOTOR          VIA_0D4_0D2          (32.9900 -41.4800) TOP/BOTTOM 
  VDD12_MOTOR          VIA_0D4_0D2          (32.9700 -42.0300) TOP/BOTTOM 
  VDD12_MOTOR          VIA_0D4_0D2          (32.5000 -42.3200) TOP/BOTTOM 
  VDD12_MOTOR          VIA_0D4_0D2          (32.4900 -41.7600) TOP/BOTTOM 
  VDD12_MOTOR          VIA_0D4_0D2          (32.5470 -41.1600) TOP/BOTTOM 
  N07633               VIA_0D4_0D2          (65.1610 -27.4790) TOP/BOTTOM 
  N07633               VIA_0D4_0D2          (64.1400 -27.4750) TOP/BOTTOM 
  N07633               VIA_0D4_0D2          (61.2270 -21.3730) TOP/BOTTOM 
  N07633               VIA_0D4_0D2          (61.2270 -20.8270) TOP/BOTTOM 
  USART2_RX            VIA_0D3_0D15         (37.1500 -15.1000) TOP/BOTTOM 
  USART2_RX            VIA_0D3_0D15         (55.2000 -10.7000) TOP/BOTTOM 
  USART2_TX            VIA_0D3_0D15         (37.6500 -15.2480) TOP/BOTTOM 
  USART2_TX            VIA_0D3_0D15         (54.3090 -13.2550) TOP/BOTTOM 
  IO_CON_FLASH         VIA_0D3_0D15         (39.2100 -7.4000) TOP/BOTTOM 
  IO_CON_FLASH         VIA_0D3_0D15         (32.7000 -5.2000) TOP/BOTTOM 
  CON_FLASH            VIA_0D3_0D15         (39.6500 -26.4480) TOP/BOTTOM 
  CON_FLASH            VIA_0D4_0D2          (39.8600 -11.4900) TOP/BOTTOM 
  USART0_TX            VIA_0D3_0D15         (46.9000 -15.5000) TOP/BOTTOM 
  USART0_TX            VIA_0D3_0D15         (35.1000 -22.2500) TOP/BOTTOM 
  USART0_TX            VIA_0D3_0D15         (48.4000 -11.6000) TOP/BOTTOM 
  IO_DAY_NIGHT         VIA_0D3_0D15         (38.7000 -2.5500) TOP/BOTTOM 
  IO_DAY_NIGHT         VIA_0D3_0D15         (33.7000 -5.2000) TOP/BOTTOM 
  USART0_RX            VIA_0D3_0D15         (46.7000 -16.5000) TOP/BOTTOM 
  USART0_RX            VIA_0D3_0D15         (35.3000 -22.7500) TOP/BOTTOM 
  USART0_RX            VIA_0D3_0D15         (47.7710 -11.4710) TOP/BOTTOM 
  DAY_NIGHT            VIA_0D3_0D15         (46.3000 -18.2500) TOP/BOTTOM 
  DAY_NIGHT            VIA_0D3_0D15         (37.9400 -5.9000) TOP/BOTTOM 
  IO_UART3_RX          VIA_0D3_0D15         (29.0000 -12.7000) TOP/BOTTOM 
  IO_UART3_RX          VIA_0D4_0D2          (32.9000 -7.4000) TOP/BOTTOM 

<< Summary >>
  Total dangling lines:       3
  Total dangling vias:        0
  Total antenna vias:       279
