(---------------------------------------------------------------------)
(                                                                     )
(    Dangling Line, Via and Antenna Report                            )
(                                                                     )
(    Drawing          : FPGA-V3.brd                                   )
(    Software Version : 17.4S017                                      )
(    Date/Time        : Mon Nov 29 16:24:13 2021                      )
(                                                                     )
(---------------------------------------------------------------------)


Report methodology:
  - Dangling lines have at least one end not connected.
  - Dangling vias have one or no connection
      - Plus are not a test, thieving or netshort property via.
  - Antenna vias do not have connections on their start and end layers.
      - Plus they are not a thieving vias.
      - Optionally, VOLTAGE nets, testvias and through vias can be suppressed with
        the environment variable report_antennavia.
      - Section may be suppressed by variable report_noantennavia.
  - Not part of the current partition.
  - To suppress items in dangle report add the OK_DANGLE property to the via
    or connect line.

<< Dangling Lines >>  - Location marked with a star (*) is dangling.
  Net                 Layer                  Length       Location
  ------------------------------------------------------------------------------------------
  N7587454             TOP                   0.3000     *(41.6100 -58.1500) to  (41.6100 -58.4500)
  N7454523             BOTTOM                9.5474     *(40.1300 -50.3500) to  (46.5550 -53.0000)


<< Dangling Vias >>
  Net                  Padstack               Location            Layers
  ---------------------------------------------------------------------------
  VDPL4                VIA_0D3_0D15         (34.0000 -33.4000) TOP/BOTTOM 
  VDPL2                VIA03015-TOP-GND-L2  (22.0000 -33.4000) TOP/GND-L2 
  VBAT_IN              VIA_0D4_0D2          (16.8430 -9.1460) TOP/BOTTOM 
  VBAT_IN              VIA_0D3_0D15         (36.5000 -11.8360) TOP/BOTTOM 
  VBAT_IN              VIA_0D4_0D2          (18.2730 -6.9940) TOP/BOTTOM 
  VBAT_IN              VIA_0D4_0D2          (16.7440 -6.9300) TOP/BOTTOM 
  VBAT_IN              VIA_0D4_0D2          (40.6580 -7.6780) TOP/BOTTOM 
  VBAT_IN              VIA_0D4_0D2          (39.2010 -6.9410) TOP/BOTTOM 
  VBAT_IN              VIA_0D4_0D2          (39.0720 -9.1500) TOP/BOTTOM 
  1V2_FPGA_PWR         VIA_0D4_0D2          (39.8200 -11.6400) TOP/BOTTOM 
  2V5_FPGA_PWR         VIA_0D4_0D2          (29.5970 -11.6390) TOP/BOTTOM 
  3V3_FPGA_PWR         VIA_0D4_0D2          (17.5650 -11.6400) TOP/BOTTOM 
  VCCINT_1V2           VIA_0D3_0D15         (25.0000 -36.4000) TOP/BOTTOM 
  VCCINT_1V2           VIA_0D3_0D15         (25.0000 -35.4000) TOP/BOTTOM 
  VCCINT_1V2           VIA_0D3_0D15         (31.0000 -37.4000) TOP/BOTTOM 
  VCCINT_1V2           VIA_0D3_0D15         (31.0000 -39.4000) TOP/BOTTOM 
  VCCINT_1V2           VIA_0D3_0D15         (25.0000 -39.4000) TOP/BOTTOM 
  VCCINT_1V2           VIA_0D3_0D15         (26.0000 -35.4000) TOP/BOTTOM 
  VCCINT_1V2           VIA_0D3_0D15         (31.0000 -41.4000) TOP/BOTTOM 
  VCCINT_1V2           VIA_0D3_0D15         (30.0000 -41.4000) TOP/BOTTOM 
  VCCINT_1V2           VIA_0D3_0D15         (29.0000 -41.4000) TOP/BOTTOM 
  VCCINT_1V2           VIA_0D3_0D15         (27.0000 -41.4000) TOP/BOTTOM 
  VCCINT_1V2           VIA_0D3_0D15         (26.0000 -41.4000) TOP/BOTTOM 
  VCCINT_1V2           VIA_0D3_0D15         (24.0000 -40.4000) TOP/BOTTOM 
  VCCINT_1V2           VIA_0D3_0D15         (25.0000 -40.4000) TOP/BOTTOM 
  VCCINT_1V2           VIA_0D3_0D15         (25.0000 -37.4000) TOP/BOTTOM 
  VCCINT_1V2           VIA_0D3_0D15         (23.0000 -37.4000) TOP/BOTTOM 
  VCCINT_1V2           VIA_0D3_0D15         (26.0000 -34.4000) TOP/BOTTOM 
  VCCINT_1V2           VIA_0D3_0D15         (27.0000 -35.4000) TOP/BOTTOM 
  VCCINT_1V2           VIA_0D3_0D15         (29.0000 -35.4000) TOP/BOTTOM 
  VCCINT_1V2           VIA_0D3_0D15         (29.0000 -34.4000) TOP/BOTTOM 
  VCCINT_1V2           VIA_0D3_0D15         (30.0000 -35.4000) TOP/BOTTOM 
  VCCINT_1V2           VIA_0D3_0D15         (27.0000 -33.4000) TOP/BOTTOM 
  VCCINT_1V2           VIA_0D3_0D15         (25.0000 -33.4000) TOP/BOTTOM 
  VCCINT_1V2           VIA_0D3_0D15         (31.0000 -35.4000) TOP/BOTTOM 
  VCCINT_1V2           VIA_0D3_0D15         (31.0000 -36.4000) TOP/BOTTOM 
  VCCINT_1V2           VIA_0D3_0D15         (32.0000 -37.4000) TOP/BOTTOM 
  VCCINT_1V2           VIA_0D3_0D15         (31.0000 -40.4000) TOP/BOTTOM 
  VCCINT_1V2           VIA_0D3_0D15         (32.0000 -40.4000) TOP/BOTTOM 
  VCCINT_1V2           VIA_0D3_0D15         (32.0000 -42.4000) TOP/BOTTOM 
  AUDIO_5V             VIA_0D4_0D2          (44.9250 -44.0270) TOP/BOTTOM 
  AUDIO_5V             VIA_0D4_0D2          (45.5260 -36.7420) TOP/BOTTOM 
  AUDIO_5V             VIA_0D4_0D2          (45.5260 -31.2320) TOP/BOTTOM 
  ADC_3V3              VIA_0D4_0D2          (20.8270 -58.9000) TOP/BOTTOM 
  ADC_3V3              VIA_0D4_0D2          (19.3730 -58.9000) TOP/BOTTOM 
  ADC_3V3              VIA_0D4_0D2          (32.3000 -59.8500) TOP/BOTTOM 
  ADC_3V3              VIA_0D4_0D2          (24.6500 -61.8930) TOP/BOTTOM 
  ADC_3V3              VIA_0D4_0D2          (26.8500 -61.8930) TOP/BOTTOM 
  ADC_3V3              VIA_0D4_0D2          (32.3000 -60.5000) TOP/BOTTOM 
  ADC_3V3              VIA_0D4_0D2          (30.9500 -61.8930) TOP/BOTTOM 
  CLK_3V3              VIA_0D4_0D2          (48.9500 -57.7000) TOP/BOTTOM 
  VCCA_2V5             VIA_0D3_0D15         (24.0000 -44.4000) TOP/BOTTOM 
  VCCA_2V5             VIA03015-TOP-GND-L2  (23.0000 -32.4000) TOP/GND-L2 
  VCCA_2V5             VIA_0D3_0D15         (33.0000 -32.4000) TOP/BOTTOM 
  CLK2FPGA             VIA03015-TOP-GND-L2  (24.0000 -49.4000) TOP/GND-L2 
  GND                  VIA_0D3_0D15         (33.0000 -46.4000) TOP/BOTTOM 
  GND                  VIA_0D3_0D15         (27.7510 -25.7770) TOP/BOTTOM 
  GND                  VIA_0D3_0D15         (28.2510 -25.7770) TOP/BOTTOM 
  GND                  VIA_0D3_0D15         (19.0000 -37.4000) TOP/BOTTOM 
  GND                  VIA_0D4_0D2          (11.2500 -30.8500) TOP/BOTTOM 
  GND                  VIA0402-GND-L9-BOTTOM (22.6850 -16.3390) GND-L9/BOTTOM 
  GND                  VIA0402-GND-L9-BOTTOM (22.4020 -17.2940) GND-L9/BOTTOM 
  GND                  VIA0402-GND-L9-BOTTOM (22.4110 -19.6990) GND-L9/BOTTOM 
  GND                  VIA0402-GND-L9-BOTTOM (12.1960 -18.7260) GND-L9/BOTTOM 
  GND                  VIA0402-GND-L9-BOTTOM (12.1920 -16.3160) GND-L9/BOTTOM 
  GND                  VIA0402-GND-L9-BOTTOM (12.0500 -16.8100) GND-L9/BOTTOM 
  GND                  VIA_0D4_0D2          (11.8350 -13.4630) TOP/BOTTOM 
  GND                  VIA_0D3_0D15         (12.2130 -13.1930) TOP/BOTTOM 
  GND                  VIA_0D3_0D15         (22.7740 -13.1910) TOP/BOTTOM 
  GND                  VIA_0D4_0D2          (22.3890 -13.4570) TOP/BOTTOM 
  GND                  VIA_0D3_0D15         (34.7090 -13.1870) TOP/BOTTOM 
  GND                  VIA_0D3_0D15         (45.0230 -13.1890) TOP/BOTTOM 
  GND                  VIA_0D4_0D2          (44.6670 -13.4440) TOP/BOTTOM 
  GND                  VIA_0D4_0D2          (11.2500 -29.6500) TOP/BOTTOM 
  GND                  VIA_0D4_0D2          (22.5635 -57.9365) TOP/BOTTOM 
  GND                  VIA_0D4_0D2          (16.9730 -58.7900) TOP/BOTTOM 
  GND                  VIA_0D4_0D2          (18.7500 -57.1930) TOP/BOTTOM 
  GND                  VIA_0D4_0D2          (44.9500 -46.3970) TOP/BOTTOM 
  GND                  VIA_0D4_0D2          (49.6730 -56.0100) TOP/BOTTOM 
  GND                  VIA_0D4_0D2          (11.2500 -27.2500) TOP/BOTTOM 
  GND                  VIA_0D4_0D2          (48.2000 -56.0000) TOP/BOTTOM 
  GND                  VIA_0D4_0D2          (11.2500 -28.4500) TOP/BOTTOM 
  GND                  VIA0402-TOP-GND-L2   (8.3100 -14.1500) TOP/GND-L2 
  GND                  VIA0402-TOP-GND-L2   (12.6900 -9.1500) TOP/GND-L2 
  GND                  VIA_0D4_0D2          (15.7270 -13.1700) TOP/BOTTOM 
  GND                  VIA0402-TOP-GND-L2   (18.8710 -14.1500) TOP/GND-L2 
  GND                  VIA0402-TOP-GND-L2   (23.2260 -9.1500) TOP/GND-L2 
  GND                  VIA0402-GND-L9-BOTTOM (34.4000 -17.3000) GND-L9/BOTTOM 
  GND                  VIA0402-GND-L9-BOTTOM (34.7000 -16.3000) GND-L9/BOTTOM 
  GND                  VIA0402-GND-L9-BOTTOM (34.5500 -19.2100) GND-L9/BOTTOM 
  GND                  VIA_0D4_0D2          (26.0940 -13.1700) TOP/BOTTOM 
  GND                  VIA0402-TOP-GND-L2   (30.7810 -14.1500) TOP/GND-L2 
  GND                  VIA0402-TOP-GND-L2   (34.9660 -9.1500) TOP/GND-L2 
  GND                  VIA0402-GND-L9-BOTTOM (44.7000 -17.3000) GND-L9/BOTTOM 
  GND                  VIA_0D4_0D2          (37.9700 -13.1700) TOP/BOTTOM 
  GND                  VIA0402-TOP-GND-L2   (41.1530 -14.1500) TOP/GND-L2 
  GND                  VIA0402-GND-L9-BOTTOM (44.8500 -19.2100) GND-L9/BOTTOM 
  GND                  VIA0402-TOP-GND-L2   (45.2940 -9.1500) TOP/GND-L2 
  GND                  VIA_0D4_0D2          (48.3320 -13.1700) TOP/BOTTOM 
  GND                  VIA0402-TOP-GND-L2   (43.0010 -9.1500) TOP/GND-L2 
  GND                  VIA0402-TOP-GND-L2   (39.8100 -10.1500) TOP/GND-L2 
  GND                  VIA0402-TOP-GND-L2   (47.7550 -9.2200) TOP/GND-L2 
  GND                  VIA0402-TOP-GND-L2   (32.7620 -9.1500) TOP/GND-L2 
  GND                  VIA0402-TOP-GND-L2   (29.5870 -10.1500) TOP/GND-L2 
  GND                  VIA0402-TOP-GND-L2   (37.3930 -9.2200) TOP/GND-L2 
  GND                  VIA0402-TOP-GND-L2   (20.8900 -9.1500) TOP/GND-L2 
  GND                  VIA0402-TOP-GND-L2   (17.6030 -10.1500) TOP/GND-L2 
  GND                  VIA0402-TOP-GND-L2   (25.5170 -9.2200) TOP/GND-L2 
  GND                  VIA0402-TOP-GND-L2   (7.0200 -10.1500) TOP/GND-L2 
  GND                  VIA0402-TOP-GND-L2   (10.2900 -9.1500) TOP/GND-L2 
  GND                  VIA0402-TOP-GND-L2   (15.1500 -9.2200) TOP/GND-L2 
  GND                  VIA_0D4_0D2          (35.9170 -59.1500) TOP/BOTTOM 
  GND                  VIA_0D4_0D2          (33.6570 -61.5880) TOP/BOTTOM 
  GND                  VIA_0D4_0D2          (41.1730 -60.2200) TOP/BOTTOM 
  GND                  VIA_0D4_0D2          (46.8260 -35.0880) TOP/BOTTOM 
  GND                  VIA_0D4_0D2          (46.1760 -32.8860) TOP/BOTTOM 
  GND                  VIA_0D4_0D2          (46.1950 -43.9950) TOP/BOTTOM 
  GND                  VIA_0D4_0D2          (8.8440 -47.5170) TOP/BOTTOM 
  GND                  VIA_0D4_0D2          (9.2870 -55.6180) TOP/BOTTOM 
  GND                  VIA_0D4_0D2          (8.0170 -52.4830) TOP/BOTTOM 
  GND                  VIA_0D4_0D2          (9.2870 -52.4870) TOP/BOTTOM 
  GND                  VIA_0D4_0D2          (13.0970 -55.6180) TOP/BOTTOM 
  GND                  VIA_0D4_0D2          (13.0970 -52.5000) TOP/BOTTOM 
  GND                  VIA_0D4_0D2          (15.6370 -52.5720) TOP/BOTTOM 
  GND                  VIA_0D4_0D2          (22.6000 -63.0000) TOP/BOTTOM 
  GND                  VIA_0D4_0D2          (22.6000 -60.6150) TOP/BOTTOM 
  GND                  VIA_0D3_0D15         (25.2330 -60.1000) TOP/BOTTOM 
  GND                  VIA_0D4_0D2          (25.2000 -58.3500) TOP/BOTTOM 
  GND                  VIA_0D4_0D2          (25.2000 -55.3500) TOP/BOTTOM 
  GND                  VIA_0D4_0D2          (27.2600 -60.4000) TOP/BOTTOM 
  GND                  VIA_0D4_0D2          (27.7600 -54.8000) TOP/BOTTOM 
  GND                  VIA_0D4_0D2          (30.2600 -60.4000) TOP/BOTTOM 
  GND                  VIA_0D4_0D2          (28.7600 -60.4000) TOP/BOTTOM 
  GND                  VIA_0D4_0D2          (30.8000 -59.3500) TOP/BOTTOM 
  GND                  VIA_0D4_0D2          (30.8000 -58.8500) TOP/BOTTOM 
  GND                  VIA_0D4_0D2          (30.8000 -55.3500) TOP/BOTTOM 
  GND                  VIA_0D3_0D15         (18.0000 -28.4000) TOP/BOTTOM 
  GND                  VIA_0D3_0D15         (19.0000 -44.4000) TOP/BOTTOM 
  GND                  VIA_0D3_0D15         (20.0000 -40.4000) TOP/BOTTOM 
  GND                  VIA_0D3_0D15         (20.0000 -42.4000) TOP/BOTTOM 
  GND                  VIA_0D3_0D15         (19.0000 -39.4000) TOP/BOTTOM 
  GND                  VIA_0D3_0D15         (20.0000 -35.4000) TOP/BOTTOM 
  GND                  VIA_0D3_0D15         (22.0000 -31.4000) TOP/BOTTOM 
  GND                  VIA_0D3_0D15         (20.0000 -33.4000) TOP/BOTTOM 
  GND                  VIA_0D3_0D15         (19.0000 -31.4000) TOP/BOTTOM 
  GND                  VIA_0D3_0D15         (21.0000 -29.4000) TOP/BOTTOM 
  GND                  VIA_0D3_0D15         (24.0000 -48.4000) TOP/BOTTOM 
  GND                  VIA_0D3_0D15         (22.0000 -44.4000) TOP/BOTTOM 
  GND                  VIA_0D3_0D15         (22.0000 -37.4000) TOP/BOTTOM 
  GND                  VIA_0D3_0D15         (24.0000 -37.4000) TOP/BOTTOM 
  GND                  VIA_0D3_0D15         (24.0000 -36.4000) TOP/BOTTOM 
  GND                  VIA_0D3_0D15         (24.0000 -30.4000) TOP/BOTTOM 
  GND                  VIA_0D3_0D15         (26.0000 -47.4000) TOP/BOTTOM 
  GND                  VIA_0D3_0D15         (25.0000 -41.4000) TOP/BOTTOM 
  GND                  VIA_0D3_0D15         (29.0000 -40.4000) TOP/BOTTOM 
  GND                  VIA_0D3_0D15         (27.0000 -40.4000) TOP/BOTTOM 
  GND                  VIA_0D3_0D15         (26.0000 -40.4000) TOP/BOTTOM 
  GND                  VIA_0D3_0D15         (29.0000 -39.4000) TOP/BOTTOM 
  GND                  VIA_0D3_0D15         (27.0000 -39.4000) TOP/BOTTOM 
  GND                  VIA_0D3_0D15         (26.0000 -39.4000) TOP/BOTTOM 
  GND                  VIA_0D3_0D15         (29.0000 -37.4000) TOP/BOTTOM 
  GND                  VIA_0D3_0D15         (27.0000 -37.4000) TOP/BOTTOM 
  GND                  VIA_0D3_0D15         (26.0000 -37.4000) TOP/BOTTOM 
  GND                  VIA_0D3_0D15         (25.0000 -34.4000) TOP/BOTTOM 
  GND                  VIA_0D3_0D15         (27.0000 -34.4000) TOP/BOTTOM 
  GND                  VIA_0D3_0D15         (29.0000 -36.4000) TOP/BOTTOM 
  GND                  VIA_0D3_0D15         (27.0000 -36.4000) TOP/BOTTOM 
  GND                  VIA_0D3_0D15         (26.0000 -36.4000) TOP/BOTTOM 
  GND                  VIA_0D3_0D15         (26.0000 -33.4000) TOP/BOTTOM 
  GND                  VIA_0D3_0D15         (25.0000 -30.4000) TOP/BOTTOM 
  GND                  VIA_0D3_0D15         (28.0000 -30.4000) TOP/BOTTOM 
  GND                  VIA_0D3_0D15         (31.0000 -46.4000) TOP/BOTTOM 
  GND                  VIA_0D3_0D15         (30.0000 -42.4000) TOP/BOTTOM 
  GND                  VIA_0D3_0D15         (32.0000 -41.4000) TOP/BOTTOM 
  GND                  VIA_0D3_0D15         (30.0000 -40.4000) TOP/BOTTOM 
  GND                  VIA_0D3_0D15         (30.0000 -39.4000) TOP/BOTTOM 
  GND                  VIA_0D3_0D15         (30.0000 -37.4000) TOP/BOTTOM 
  GND                  VIA_0D3_0D15         (32.0000 -39.4000) TOP/BOTTOM 
  GND                  VIA_0D3_0D15         (30.0000 -34.4000) TOP/BOTTOM 
  GND                  VIA_0D3_0D15         (30.0000 -36.4000) TOP/BOTTOM 
  GND                  VIA_0D3_0D15         (32.0000 -36.4000) TOP/BOTTOM 
  GND                  VIA_0D3_0D15         (31.0000 -30.4000) TOP/BOTTOM 
  GND                  VIA_0D3_0D15         (34.0000 -44.4000) TOP/BOTTOM 
  GND                  VIA_0D3_0D15         (34.0000 -31.4000) TOP/BOTTOM 
  GND                  VIA_0D3_0D15         (32.0000 -29.4000) TOP/BOTTOM 
  GND                  VIA_0D3_0D15         (35.0000 -29.4000) TOP/BOTTOM 
  GND                  VIA_0D3_0D15         (37.0000 -44.4000) TOP/BOTTOM 
  GND                  VIA_0D3_0D15         (35.0000 -46.4000) TOP/BOTTOM 
  GND                  VIA_0D3_0D15         (37.0000 -41.4000) TOP/BOTTOM 
  GND                  VIA_0D3_0D15         (36.0000 -38.4000) TOP/BOTTOM 
  GND                  VIA_0D3_0D15         (37.0000 -38.4000) TOP/BOTTOM 
  GND                  VIA_0D3_0D15         (37.0000 -34.4000) TOP/BOTTOM 
  GND                  VIA_0D3_0D15         (37.0000 -31.4000) TOP/BOTTOM 
  GND                  VIA_0D3_0D15         (36.0000 -34.4000) TOP/BOTTOM 
  GND                  VIA_0D3_0D15         (37.0000 -29.4000) TOP/BOTTOM 
  GND                  VIA_0D3_0D15         (37.0000 -28.4000) TOP/BOTTOM 
  GND                  VIA_0D3_0D15         (38.0000 -43.4000) TOP/BOTTOM 
  GND                  VIA_0D3_0D15         (38.0000 -28.4000) TOP/BOTTOM 
  NSTATUS              VIA_0D3_0D15         (27.0000 -43.4000) TOP/BOTTOM 
  VCOM                 VIA_0D4_0D2          (16.8900 -61.7100) TOP/BOTTOM 
  VCOM                 VIA_0D4_0D2          (25.7600 -61.8830) TOP/BOTTOM 
  VCCIO_3V3            VIA_0D4_0D2          (42.3501 -44.2098) TOP/BOTTOM 
  VCCIO_3V3            VIA_0D4_0D2          (45.2850 -51.8000) TOP/BOTTOM 
  VCCIO_3V3            VIA_0D4_0D2          (47.8250 -46.5250) TOP/BOTTOM 
  VCCIO_3V3            VIA_0D4_0D2          (46.5550 -46.5000) TOP/BOTTOM 
  VCCIO_3V3            VIA_0D4_0D2          (23.6915 -58.6085) TOP/BOTTOM 
  VCCIO_3V3            VIA_0D4_0D2          (25.0370 -53.3000) TOP/BOTTOM 
  VCCIO_3V3            VIA_0D4_0D2          (23.7000 -54.6170) TOP/BOTTOM 
  VCCIO_3V3            VIA_0D4_0D2          (32.3000 -54.6370) TOP/BOTTOM 
  VCCIO_3V3            VIA_0D4_0D2          (30.9830 -53.3000) TOP/BOTTOM 
  VCCIO_3V3            VIA_0D3_0D15         (35.0000 -31.4000) TOP/BOTTOM 
  VCCIO_3V3            VIA_0D3_0D15         (32.0000 -31.4000) TOP/BOTTOM 
  VCCIO_3V3            VIA_0D3_0D15         (31.0000 -31.4000) TOP/BOTTOM 
  VCCIO_3V3            VIA_0D3_0D15         (37.0000 -30.4000) TOP/BOTTOM 
  VCCIO_3V3            VIA_0D3_0D15         (18.0000 -29.4000) TOP/BOTTOM 
  VCCIO_3V3            VIA_0D3_0D15         (38.0000 -29.4000) TOP/BOTTOM 
  VCCIO_3V3            VIA_0D3_0D15         (20.0000 -44.4000) TOP/BOTTOM 
  VCCIO_3V3            VIA_0D3_0D15         (18.0000 -47.4000) TOP/BOTTOM 
  VCCIO_3V3            VIA_0D3_0D15         (20.0000 -36.4000) TOP/BOTTOM 
  VCCIO_3V3            VIA_0D3_0D15         (20.0500 -39.3500) TOP/BOTTOM 
  VCCIO_3V3            VIA_0D3_0D15         (20.0000 -38.4000) TOP/BOTTOM 
  VCCIO_3V3            VIA_0D3_0D15         (20.0000 -41.4000) TOP/BOTTOM 
  VCCIO_3V3            VIA_0D3_0D15         (21.0000 -31.4000) TOP/BOTTOM 
  VCCIO_3V3            VIA_0D3_0D15         (20.0000 -32.4000) TOP/BOTTOM 
  VCCIO_3V3            VIA_0D3_0D15         (24.0000 -31.4000) TOP/BOTTOM 
  VCCIO_3V3            VIA_0D3_0D15         (25.0000 -29.4000) TOP/BOTTOM 
  VCCIO_3V3            VIA_0D3_0D15         (27.0000 -30.4000) TOP/BOTTOM 
  VCCIO_3V3            VIA_0D3_0D15         (34.0000 -46.4000) TOP/BOTTOM 
  VCCIO_3V3            VIA_0D3_0D15         (32.0000 -46.4000) TOP/BOTTOM 
  VCCIO_3V3            VIA_0D3_0D15         (38.0000 -44.4000) TOP/BOTTOM 
  VCCIO_3V3            VIA_0D3_0D15         (36.0000 -40.4000) TOP/BOTTOM 
  VCCIO_3V3            VIA_0D3_0D15         (36.0000 -35.4000) TOP/BOTTOM 
  VCCIO_3V3            VIA_0D3_0D15         (36.0000 -37.4000) TOP/BOTTOM 
  VCCIO_3V3            VIA_0D3_0D15         (36.0000 -39.4000) TOP/BOTTOM 
  VCCIO_3V3            VIA_0D3_0D15         (36.0000 -31.4000) TOP/BOTTOM 
  VCCIO_3V3            VIA_0D3_0D15         (35.0000 -34.4000) TOP/BOTTOM 
  VCCIO_3V3            VIA_0D3_0D15         (21.0000 -41.4000) TOP/BOTTOM 
  VCCIO_3V3            VIA_0D3_0D15         (20.0000 -34.4000) TOP/BOTTOM 


<< Antenna Vias >>
  Net                  Padstack               Location            Layers
  ---------------------------------------------------------------------------
  IO12                 VIA_0D3_0D15         (24.0000 -27.4000) TOP/BOTTOM 
  IO12                 VIA_0D3_0D15         (24.7510 -25.9940) TOP/BOTTOM 
  IO11                 VIA_0D3_0D15         (24.0000 -28.4000) TOP/BOTTOM 
  IO11                 VIA_0D3_0D15         (25.2510 -25.9940) TOP/BOTTOM 
  IO10                 VIA_0D3_0D15         (25.0000 -28.4000) TOP/BOTTOM 
  IO10                 VIA_0D3_0D15         (25.7510 -25.9940) TOP/BOTTOM 
  IO1                  VIA_0D3_0D15         (32.0000 -28.4000) TOP/BOTTOM 
  IO1                  VIA_0D3_0D15         (31.2510 -25.9940) TOP/BOTTOM 
  VDPL4                VIA_0D3_0D15         (34.0000 -33.4000) TOP/BOTTOM 
  VDPL2                VIA03015-TOP-GND-L2  (22.0000 -33.4000) TOP/GND-L2 
  N8196950             VIA_0D4_0D2          (13.5730 -9.2300) TOP/BOTTOM 
  N8196950             VIA_0D4_0D2          (10.4270 -13.2600) TOP/BOTTOM 
  N8197320             VIA_0D4_0D2          (35.8180 -9.2300) TOP/BOTTOM 
  N8197320             VIA_0D4_0D2          (32.9350 -13.2450) TOP/BOTTOM 
  N8197292             VIA_0D4_0D2          (31.1840 -9.1500) TOP/BOTTOM 
  N8197292             VIA_0D4_0D2          (32.3180 -11.9000) TOP/BOTTOM 
  N8197148             VIA_0D4_0D2          (20.3730 -11.9000) TOP/BOTTOM 
  N8197148             VIA_0D4_0D2          (19.2530 -9.1500) TOP/BOTTOM 
  N8197464             VIA_0D4_0D2          (43.2460 -13.2460) TOP/BOTTOM 
  N8197464             VIA_0D4_0D2          (46.1970 -9.2300) TOP/BOTTOM 
  VBAT_IN              VIA_0D4_0D2          (16.8430 -9.1460) TOP/BOTTOM 
  VBAT_IN              VIA_0D3_0D15         (36.5000 -11.8360) TOP/BOTTOM 
  VBAT_IN              VIA_0D4_0D2          (18.2730 -6.9940) TOP/BOTTOM 
  VBAT_IN              VIA_0D4_0D2          (16.7440 -6.9300) TOP/BOTTOM 
  VBAT_IN              VIA_0D4_0D2          (40.6580 -7.6780) TOP/BOTTOM 
  VBAT_IN              VIA_0D4_0D2          (39.2010 -6.9410) TOP/BOTTOM 
  VBAT_IN              VIA_0D4_0D2          (39.0720 -9.1500) TOP/BOTTOM 
  1V2_FPGA_PWR         VIA_0D4_0D2          (39.8200 -11.6400) TOP/BOTTOM 
  2V5_FPGA_PWR         VIA_0D4_0D2          (29.5970 -11.6390) TOP/BOTTOM 
  3V3_FPGA_PWR         VIA_0D4_0D2          (17.5650 -11.6400) TOP/BOTTOM 
  N8197176             VIA_0D4_0D2          (20.9900 -13.2540) TOP/BOTTOM 
  N8197176             VIA_0D4_0D2          (23.9630 -9.2300) TOP/BOTTOM 
  N8196944             VIA_0D4_0D2          (9.8130 -11.9000) TOP/BOTTOM 
  N8196944             VIA_0D4_0D2          (8.6630 -9.1500) TOP/BOTTOM 
  N8197436             VIA_0D4_0D2          (42.6430 -11.9000) TOP/BOTTOM 
  N8197436             VIA_0D4_0D2          (41.4190 -9.1500) TOP/BOTTOM 
  IO9                  VIA_0D3_0D15         (26.0000 -28.4000) TOP/BOTTOM 
  IO9                  VIA_0D3_0D15         (26.2510 -25.9940) TOP/BOTTOM 
  IO8                  VIA_0D3_0D15         (27.0000 -28.4000) TOP/BOTTOM 
  IO8                  VIA_0D3_0D15         (26.7510 -25.9940) TOP/BOTTOM 
  IO3                  VIA_0D3_0D15         (31.0000 -28.4000) TOP/BOTTOM 
  IO3                  VIA_0D3_0D15         (30.2510 -25.9940) TOP/BOTTOM 
  IO2                  VIA_0D3_0D15         (31.0000 -29.4000) TOP/BOTTOM 
  IO2                  VIA_0D3_0D15         (30.7510 -25.9940) TOP/BOTTOM 
  IO7                  VIA_0D3_0D15         (28.0000 -29.4000) TOP/BOTTOM 
  IO7                  VIA_0D3_0D15         (27.2510 -25.9940) TOP/BOTTOM 
  IO4                  VIA_0D3_0D15         (30.0000 -28.4000) TOP/BOTTOM 
  IO4                  VIA_0D3_0D15         (29.7510 -25.9940) TOP/BOTTOM 
  IO5                  VIA_0D3_0D15         (29.0000 -28.4000) TOP/BOTTOM 
  IO5                  VIA_0D3_0D15         (29.2510 -25.9940) TOP/BOTTOM 
  IO6                  VIA_0D3_0D15         (29.0000 -29.4000) TOP/BOTTOM 
  IO6                  VIA_0D3_0D15         (28.7510 -25.9940) TOP/BOTTOM 
  ENC-                 VIA_0D3_0D15         (29.7600 -61.7770) TOP/BOTTOM 
  ENC-                 VIA_0D3_0D15         (33.7170 -60.5590) TOP/BOTTOM 
  ENC+                 VIA_0D3_0D15         (29.2600 -61.7770) TOP/BOTTOM 
  ENC+                 VIA_0D3_0D15         (33.7170 -62.6220) TOP/BOTTOM 
  MSEL3                VIA_0D4_0D2          (18.7170 -26.4500) TOP/BOTTOM 
  MSEL3                VIA_0D3_0D15         (26.0000 -29.4000) TOP/BOTTOM 
  MSEL2                VIA_0D3_0D15         (27.0000 -32.4000) TOP/BOTTOM 
  MSEL2                VIA_0D4_0D2          (14.1030 -26.4500) TOP/BOTTOM 
  MSEL1                VIA_0D4_0D2          (39.5970 -26.4500) TOP/BOTTOM 
  MSEL1                VIA_0D3_0D15         (28.0000 -31.4000) TOP/BOTTOM 
  AD_RAND              VIA_0D3_0D15         (19.0000 -48.4000) TOP/BOTTOM 
  AD_RAND              VIA_0D3_0D15         (23.8330 -59.3500) TOP/BOTTOM 
  MSEL0                VIA_0D4_0D2          (44.0970 -26.4500) TOP/BOTTOM 
  MSEL0                VIA_0D3_0D15         (29.0000 -32.4000) TOP/BOTTOM 
  AD_PGA               VIA_0D3_0D15         (18.9500 -49.3500) TOP/BOTTOM 
  AD_PGA               VIA_0D3_0D15         (23.8330 -59.8500) TOP/BOTTOM 
  AD_DITH              VIA_0D3_0D15         (38.0000 -49.4000) TOP/BOTTOM 
  AD_DITH              VIA_0D3_0D15         (32.2000 -58.3500) TOP/BOTTOM 
  N7538451             VIA_0D4_0D2          (35.0830 -26.4500) TOP/BOTTOM 
  N7538451             VIA_0D3_0D15         (28.0000 -28.4000) TOP/BOTTOM 
  VCCINT_1V2           VIA_0D3_0D15         (25.0000 -36.4000) TOP/BOTTOM 
  VCCINT_1V2           VIA_0D3_0D15         (25.0000 -35.4000) TOP/BOTTOM 
  VCCINT_1V2           VIA_0D3_0D15         (31.0000 -37.4000) TOP/BOTTOM 
  VCCINT_1V2           VIA_0D3_0D15         (31.0000 -39.4000) TOP/BOTTOM 
  VCCINT_1V2           VIA_0D3_0D15         (25.0000 -39.4000) TOP/BOTTOM 
  VCCINT_1V2           VIA_0D3_0D15         (26.0000 -35.4000) TOP/BOTTOM 
  VCCINT_1V2           VIA_0D3_0D15         (31.0000 -41.4000) TOP/BOTTOM 
  VCCINT_1V2           VIA_0D3_0D15         (30.0000 -41.4000) TOP/BOTTOM 
  VCCINT_1V2           VIA_0D3_0D15         (29.0000 -41.4000) TOP/BOTTOM 
  VCCINT_1V2           VIA_0D3_0D15         (27.0000 -41.4000) TOP/BOTTOM 
  VCCINT_1V2           VIA_0D3_0D15         (26.0000 -41.4000) TOP/BOTTOM 
  VCCINT_1V2           VIA_0D3_0D15         (24.0000 -40.4000) TOP/BOTTOM 
  VCCINT_1V2           VIA_0D3_0D15         (25.0000 -40.4000) TOP/BOTTOM 
  VCCINT_1V2           VIA_0D3_0D15         (25.0000 -37.4000) TOP/BOTTOM 
  VCCINT_1V2           VIA_0D3_0D15         (23.0000 -37.4000) TOP/BOTTOM 
  VCCINT_1V2           VIA_0D3_0D15         (26.0000 -34.4000) TOP/BOTTOM 
  VCCINT_1V2           VIA_0D3_0D15         (27.0000 -35.4000) TOP/BOTTOM 
  VCCINT_1V2           VIA_0D3_0D15         (29.0000 -35.4000) TOP/BOTTOM 
  VCCINT_1V2           VIA_0D3_0D15         (29.0000 -34.4000) TOP/BOTTOM 
  VCCINT_1V2           VIA_0D3_0D15         (30.0000 -35.4000) TOP/BOTTOM 
  VCCINT_1V2           VIA_0D3_0D15         (27.0000 -33.4000) TOP/BOTTOM 
  VCCINT_1V2           VIA_0D3_0D15         (25.0000 -33.4000) TOP/BOTTOM 
  VCCINT_1V2           VIA_0D3_0D15         (31.0000 -35.4000) TOP/BOTTOM 
  VCCINT_1V2           VIA_0D3_0D15         (31.0000 -36.4000) TOP/BOTTOM 
  VCCINT_1V2           VIA_0D3_0D15         (32.0000 -37.4000) TOP/BOTTOM 
  VCCINT_1V2           VIA_0D3_0D15         (31.0000 -40.4000) TOP/BOTTOM 
  VCCINT_1V2           VIA_0D3_0D15         (32.0000 -40.4000) TOP/BOTTOM 
  VCCINT_1V2           VIA_0D3_0D15         (32.0000 -42.4000) TOP/BOTTOM 
  CLK_AD-              VIA_0D3_0D15         (23.0000 -46.4000) TOP/BOTTOM 
  CLK_AD-              VIA_0D3_0D15         (28.6500 -50.6000) TOP/BOTTOM 
  CLK_AD+              VIA_0D3_0D15         (23.0000 -45.4000) TOP/BOTTOM 
  CLK_AD+              VIA_0D3_0D15         (27.5500 -50.6000) TOP/BOTTOM 
  AUDIO_5V             VIA_0D4_0D2          (44.9250 -44.0270) TOP/BOTTOM 
  AUDIO_5V             VIA_0D4_0D2          (45.5260 -36.7420) TOP/BOTTOM 
  AUDIO_5V             VIA_0D4_0D2          (45.5260 -31.2320) TOP/BOTTOM 
  TDI                  VIA_0D3_0D15         (42.2940 -46.5510) TOP/BOTTOM 
  TDI                  VIA_0D3_0D15         (28.0000 -44.4000) TOP/BOTTOM 
  TCK                  VIA_0D3_0D15         (42.2940 -49.0510) TOP/BOTTOM 
  TCK                  VIA_0D3_0D15         (27.0000 -48.4000) TOP/BOTTOM 
  TMS                  VIA_0D3_0D15         (42.2940 -48.5510) TOP/BOTTOM 
  TMS                  VIA_0D3_0D15         (27.0000 -49.4000) TOP/BOTTOM 
  TDO                  VIA_0D3_0D15         (42.2940 -47.5510) TOP/BOTTOM 
  TDO                  VIA_0D3_0D15         (27.0000 -46.4000) TOP/BOTTOM 
  LED1                 VIA_0D3_0D15         (15.8670 -27.2500) TOP/BOTTOM 
  LED1                 VIA_0D3_0D15         (18.0000 -27.4000) TOP/BOTTOM 
  ADC_3V3              VIA_0D4_0D2          (20.8270 -58.9000) TOP/BOTTOM 
  ADC_3V3              VIA_0D4_0D2          (19.3730 -58.9000) TOP/BOTTOM 
  ADC_3V3              VIA_0D4_0D2          (32.3000 -59.8500) TOP/BOTTOM 
  ADC_3V3              VIA_0D4_0D2          (24.6500 -61.8930) TOP/BOTTOM 
  ADC_3V3              VIA_0D4_0D2          (26.8500 -61.8930) TOP/BOTTOM 
  ADC_3V3              VIA_0D4_0D2          (32.3000 -60.5000) TOP/BOTTOM 
  ADC_3V3              VIA_0D4_0D2          (30.9500 -61.8930) TOP/BOTTOM 
  LED2                 VIA_0D3_0D15         (15.8670 -28.4500) TOP/BOTTOM 
  LED2                 VIA_0D3_0D15         (19.0000 -28.4000) TOP/BOTTOM 
  AD15                 VIA_0D3_0D15         (20.0000 -49.4000) TOP/BOTTOM 
  AD15                 VIA_0D3_0D15         (23.8330 -57.3500) TOP/BOTTOM 
  AD14                 VIA_0D3_0D15         (20.0000 -48.4000) TOP/BOTTOM 
  AD14                 VIA_0D3_0D15         (23.8330 -56.8500) TOP/BOTTOM 
  AD13                 VIA_0D3_0D15         (21.0000 -48.4000) TOP/BOTTOM 
  AD13                 VIA_0D3_0D15         (23.8330 -56.3500) TOP/BOTTOM 
  AD12                 VIA_0D3_0D15         (22.0000 -49.4000) TOP/BOTTOM 
  AD12                 VIA_0D3_0D15         (23.8330 -55.8500) TOP/BOTTOM 
  AD11                 VIA_0D3_0D15         (23.0000 -49.4000) TOP/BOTTOM 
  AD11                 VIA_0D3_0D15         (25.7600 -53.4230) TOP/BOTTOM 
  AD10                 VIA_0D3_0D15         (22.9500 -48.3500) TOP/BOTTOM 
  AD10                 VIA_0D3_0D15         (26.2600 -53.4230) TOP/BOTTOM 
  AD9                  VIA_0D3_0D15         (25.0000 -49.4000) TOP/BOTTOM 
  AD9                  VIA_0D3_0D15         (26.7600 -53.4230) TOP/BOTTOM 
  AD8                  VIA_0D3_0D15         (25.0000 -48.4000) TOP/BOTTOM 
  AD8                  VIA_0D3_0D15         (27.2600 -53.4230) TOP/BOTTOM 
  CLK_3V3              VIA_0D4_0D2          (48.9500 -57.7000) TOP/BOTTOM 
  AD7                  VIA_0D3_0D15         (34.0000 -49.4000) TOP/BOTTOM 
  AD7                  VIA_0D3_0D15         (29.2600 -53.4000) TOP/BOTTOM 
  AD6                  VIA_0D3_0D15         (34.0000 -48.4000) TOP/BOTTOM 
  AD6                  VIA_0D3_0D15         (29.7600 -53.4000) TOP/BOTTOM 
  AD5                  VIA_0D3_0D15         (35.0000 -49.4000) TOP/BOTTOM 
  AD5                  VIA_0D3_0D15         (30.2600 -53.4000) TOP/BOTTOM 
  AD4                  VIA_0D3_0D15         (35.0000 -48.4000) TOP/BOTTOM 
  AD4                  VIA_0D3_0D15         (32.2000 -55.8500) TOP/BOTTOM 
  AD3                  VIA_0D3_0D15         (36.0000 -49.4000) TOP/BOTTOM 
  AD3                  VIA_0D3_0D15         (32.2000 -56.3500) TOP/BOTTOM 
  AD2                  VIA_0D3_0D15         (36.0000 -48.4000) TOP/BOTTOM 
  AD2                  VIA_0D3_0D15         (32.2000 -56.8500) TOP/BOTTOM 
  AD1                  VIA_0D3_0D15         (37.0000 -49.4000) TOP/BOTTOM 
  AD1                  VIA_0D3_0D15         (32.1870 -57.3500) TOP/BOTTOM 
  AD0                  VIA_0D3_0D15         (37.0000 -48.4000) TOP/BOTTOM 
  AD0                  VIA_0D3_0D15         (32.2000 -57.8500) TOP/BOTTOM 
  VCCA_2V5             VIA_0D3_0D15         (24.0000 -44.4000) TOP/BOTTOM 
  VCCA_2V5             VIA03015-TOP-GND-L2  (23.0000 -32.4000) TOP/GND-L2 
  VCCA_2V5             VIA_0D3_0D15         (33.0000 -32.4000) TOP/BOTTOM 
  CLK2FPGA             VIA03015-TOP-GND-L2  (24.0000 -49.4000) TOP/GND-L2 
  GND                  VIA_0D3_0D15         (33.0000 -46.4000) TOP/BOTTOM 
  GND                  VIA_0D3_0D15         (27.7510 -25.7770) TOP/BOTTOM 
  GND                  VIA_0D3_0D15         (28.2510 -25.7770) TOP/BOTTOM 
  GND                  VIA_0D3_0D15         (19.0000 -37.4000) TOP/BOTTOM 
  GND                  VIA_0D4_0D2          (11.2500 -30.8500) TOP/BOTTOM 
  GND                  VIA0402-GND-L9-BOTTOM (22.6850 -16.3390) GND-L9/BOTTOM 
  GND                  VIA0402-GND-L9-BOTTOM (22.4020 -17.2940) GND-L9/BOTTOM 
  GND                  VIA0402-GND-L9-BOTTOM (22.4110 -19.6990) GND-L9/BOTTOM 
  GND                  VIA0402-GND-L9-BOTTOM (12.1960 -18.7260) GND-L9/BOTTOM 
  GND                  VIA0402-GND-L9-BOTTOM (12.1920 -16.3160) GND-L9/BOTTOM 
  GND                  VIA0402-GND-L9-BOTTOM (12.0500 -16.8100) GND-L9/BOTTOM 
  GND                  VIA_0D4_0D2          (11.8350 -13.4630) TOP/BOTTOM 
  GND                  VIA_0D3_0D15         (12.2130 -13.1930) TOP/BOTTOM 
  GND                  VIA_0D3_0D15         (22.7740 -13.1910) TOP/BOTTOM 
  GND                  VIA_0D4_0D2          (22.3890 -13.4570) TOP/BOTTOM 
  GND                  VIA_0D3_0D15         (34.7090 -13.1870) TOP/BOTTOM 
  GND                  VIA_0D3_0D15         (45.0230 -13.1890) TOP/BOTTOM 
  GND                  VIA_0D4_0D2          (44.6670 -13.4440) TOP/BOTTOM 
  GND                  VIA_0D4_0D2          (11.2500 -29.6500) TOP/BOTTOM 
  GND                  VIA_0D4_0D2          (22.5635 -57.9365) TOP/BOTTOM 
  GND                  VIA_0D4_0D2          (16.9730 -58.7900) TOP/BOTTOM 
  GND                  VIA_0D4_0D2          (18.7500 -57.1930) TOP/BOTTOM 
  GND                  VIA_0D4_0D2          (44.9500 -46.3970) TOP/BOTTOM 
  GND                  VIA_0D4_0D2          (49.6730 -56.0100) TOP/BOTTOM 
  GND                  VIA_0D4_0D2          (11.2500 -27.2500) TOP/BOTTOM 
  GND                  VIA_0D4_0D2          (48.2000 -56.0000) TOP/BOTTOM 
  GND                  VIA_0D4_0D2          (11.2500 -28.4500) TOP/BOTTOM 
  GND                  VIA0402-TOP-GND-L2   (8.3100 -14.1500) TOP/GND-L2 
  GND                  VIA0402-TOP-GND-L2   (12.6900 -9.1500) TOP/GND-L2 
  GND                  VIA_0D4_0D2          (15.7270 -13.1700) TOP/BOTTOM 
  GND                  VIA0402-TOP-GND-L2   (18.8710 -14.1500) TOP/GND-L2 
  GND                  VIA0402-TOP-GND-L2   (23.2260 -9.1500) TOP/GND-L2 
  GND                  VIA0402-GND-L9-BOTTOM (34.4000 -17.3000) GND-L9/BOTTOM 
  GND                  VIA0402-GND-L9-BOTTOM (34.7000 -16.3000) GND-L9/BOTTOM 
  GND                  VIA0402-GND-L9-BOTTOM (34.5500 -19.2100) GND-L9/BOTTOM 
  GND                  VIA_0D4_0D2          (26.0940 -13.1700) TOP/BOTTOM 
  GND                  VIA0402-TOP-GND-L2   (30.7810 -14.1500) TOP/GND-L2 
  GND                  VIA0402-TOP-GND-L2   (34.9660 -9.1500) TOP/GND-L2 
  GND                  VIA0402-GND-L9-BOTTOM (44.7000 -17.3000) GND-L9/BOTTOM 
  GND                  VIA_0D4_0D2          (37.9700 -13.1700) TOP/BOTTOM 
  GND                  VIA0402-TOP-GND-L2   (41.1530 -14.1500) TOP/GND-L2 
  GND                  VIA0402-GND-L9-BOTTOM (44.8500 -19.2100) GND-L9/BOTTOM 
  GND                  VIA0402-TOP-GND-L2   (45.2940 -9.1500) TOP/GND-L2 
  GND                  VIA_0D4_0D2          (48.3320 -13.1700) TOP/BOTTOM 
  GND                  VIA0402-TOP-GND-L2   (43.0010 -9.1500) TOP/GND-L2 
  GND                  VIA0402-TOP-GND-L2   (39.8100 -10.1500) TOP/GND-L2 
  GND                  VIA0402-TOP-GND-L2   (47.7550 -9.2200) TOP/GND-L2 
  GND                  VIA0402-TOP-GND-L2   (32.7620 -9.1500) TOP/GND-L2 
  GND                  VIA0402-TOP-GND-L2   (29.5870 -10.1500) TOP/GND-L2 
  GND                  VIA0402-TOP-GND-L2   (37.3930 -9.2200) TOP/GND-L2 
  GND                  VIA0402-TOP-GND-L2   (20.8900 -9.1500) TOP/GND-L2 
  GND                  VIA0402-TOP-GND-L2   (17.6030 -10.1500) TOP/GND-L2 
  GND                  VIA0402-TOP-GND-L2   (25.5170 -9.2200) TOP/GND-L2 
  GND                  VIA0402-TOP-GND-L2   (7.0200 -10.1500) TOP/GND-L2 
  GND                  VIA0402-TOP-GND-L2   (10.2900 -9.1500) TOP/GND-L2 
  GND                  VIA0402-TOP-GND-L2   (15.1500 -9.2200) TOP/GND-L2 
  GND                  VIA_0D4_0D2          (35.9170 -59.1500) TOP/BOTTOM 
  GND                  VIA_0D4_0D2          (33.6570 -61.5880) TOP/BOTTOM 
  GND                  VIA_0D4_0D2          (41.1730 -60.2200) TOP/BOTTOM 
  GND                  VIA_0D4_0D2          (46.8260 -35.0880) TOP/BOTTOM 
  GND                  VIA_0D4_0D2          (46.1760 -32.8860) TOP/BOTTOM 
  GND                  VIA_0D4_0D2          (46.1950 -43.9950) TOP/BOTTOM 
  GND                  VIA_0D4_0D2          (8.8440 -47.5170) TOP/BOTTOM 
  GND                  VIA_0D4_0D2          (9.2870 -55.6180) TOP/BOTTOM 
  GND                  VIA_0D4_0D2          (8.0170 -52.4830) TOP/BOTTOM 
  GND                  VIA_0D4_0D2          (9.2870 -52.4870) TOP/BOTTOM 
  GND                  VIA_0D4_0D2          (13.0970 -55.6180) TOP/BOTTOM 
  GND                  VIA_0D4_0D2          (13.0970 -52.5000) TOP/BOTTOM 
  GND                  VIA_0D4_0D2          (15.6370 -52.5720) TOP/BOTTOM 
  GND                  VIA_0D4_0D2          (22.6000 -63.0000) TOP/BOTTOM 
  GND                  VIA_0D4_0D2          (22.6000 -60.6150) TOP/BOTTOM 
  GND                  VIA_0D3_0D15         (25.2330 -60.1000) TOP/BOTTOM 
  GND                  VIA_0D4_0D2          (25.2000 -58.3500) TOP/BOTTOM 
  GND                  VIA_0D4_0D2          (25.2000 -55.3500) TOP/BOTTOM 
  GND                  VIA_0D4_0D2          (27.2600 -60.4000) TOP/BOTTOM 
  GND                  VIA_0D4_0D2          (27.7600 -54.8000) TOP/BOTTOM 
  GND                  VIA_0D4_0D2          (30.2600 -60.4000) TOP/BOTTOM 
  GND                  VIA_0D4_0D2          (28.7600 -60.4000) TOP/BOTTOM 
  GND                  VIA_0D4_0D2          (30.8000 -59.3500) TOP/BOTTOM 
  GND                  VIA_0D4_0D2          (30.8000 -58.8500) TOP/BOTTOM 
  GND                  VIA_0D4_0D2          (30.8000 -55.3500) TOP/BOTTOM 
  GND                  VIA_0D3_0D15         (18.0000 -28.4000) TOP/BOTTOM 
  GND                  VIA_0D3_0D15         (19.0000 -44.4000) TOP/BOTTOM 
  GND                  VIA_0D3_0D15         (20.0000 -40.4000) TOP/BOTTOM 
  GND                  VIA_0D3_0D15         (20.0000 -42.4000) TOP/BOTTOM 
  GND                  VIA_0D3_0D15         (19.0000 -39.4000) TOP/BOTTOM 
  GND                  VIA_0D3_0D15         (20.0000 -35.4000) TOP/BOTTOM 
  GND                  VIA_0D3_0D15         (22.0000 -31.4000) TOP/BOTTOM 
  GND                  VIA_0D3_0D15         (20.0000 -33.4000) TOP/BOTTOM 
  GND                  VIA_0D3_0D15         (19.0000 -31.4000) TOP/BOTTOM 
  GND                  VIA_0D3_0D15         (21.0000 -29.4000) TOP/BOTTOM 
  GND                  VIA_0D3_0D15         (24.0000 -48.4000) TOP/BOTTOM 
  GND                  VIA_0D3_0D15         (22.0000 -44.4000) TOP/BOTTOM 
  GND                  VIA_0D3_0D15         (22.0000 -37.4000) TOP/BOTTOM 
  GND                  VIA_0D3_0D15         (24.0000 -37.4000) TOP/BOTTOM 
  GND                  VIA_0D3_0D15         (24.0000 -36.4000) TOP/BOTTOM 
  GND                  VIA_0D3_0D15         (24.0000 -30.4000) TOP/BOTTOM 
  GND                  VIA_0D3_0D15         (26.0000 -47.4000) TOP/BOTTOM 
  GND                  VIA_0D3_0D15         (25.0000 -41.4000) TOP/BOTTOM 
  GND                  VIA_0D3_0D15         (29.0000 -40.4000) TOP/BOTTOM 
  GND                  VIA_0D3_0D15         (27.0000 -40.4000) TOP/BOTTOM 
  GND                  VIA_0D3_0D15         (26.0000 -40.4000) TOP/BOTTOM 
  GND                  VIA_0D3_0D15         (29.0000 -39.4000) TOP/BOTTOM 
  GND                  VIA_0D3_0D15         (27.0000 -39.4000) TOP/BOTTOM 
  GND                  VIA_0D3_0D15         (26.0000 -39.4000) TOP/BOTTOM 
  GND                  VIA_0D3_0D15         (29.0000 -37.4000) TOP/BOTTOM 
  GND                  VIA_0D3_0D15         (27.0000 -37.4000) TOP/BOTTOM 
  GND                  VIA_0D3_0D15         (26.0000 -37.4000) TOP/BOTTOM 
  GND                  VIA_0D3_0D15         (25.0000 -34.4000) TOP/BOTTOM 
  GND                  VIA_0D3_0D15         (27.0000 -34.4000) TOP/BOTTOM 
  GND                  VIA_0D3_0D15         (29.0000 -36.4000) TOP/BOTTOM 
  GND                  VIA_0D3_0D15         (27.0000 -36.4000) TOP/BOTTOM 
  GND                  VIA_0D3_0D15         (26.0000 -36.4000) TOP/BOTTOM 
  GND                  VIA_0D3_0D15         (26.0000 -33.4000) TOP/BOTTOM 
  GND                  VIA_0D3_0D15         (25.0000 -30.4000) TOP/BOTTOM 
  GND                  VIA_0D3_0D15         (28.0000 -30.4000) TOP/BOTTOM 
  GND                  VIA_0D3_0D15         (31.0000 -46.4000) TOP/BOTTOM 
  GND                  VIA_0D3_0D15         (30.0000 -42.4000) TOP/BOTTOM 
  GND                  VIA_0D3_0D15         (32.0000 -41.4000) TOP/BOTTOM 
  GND                  VIA_0D3_0D15         (30.0000 -40.4000) TOP/BOTTOM 
  GND                  VIA_0D3_0D15         (30.0000 -39.4000) TOP/BOTTOM 
  GND                  VIA_0D3_0D15         (30.0000 -37.4000) TOP/BOTTOM 
  GND                  VIA_0D3_0D15         (32.0000 -39.4000) TOP/BOTTOM 
  GND                  VIA_0D3_0D15         (30.0000 -34.4000) TOP/BOTTOM 
  GND                  VIA_0D3_0D15         (30.0000 -36.4000) TOP/BOTTOM 
  GND                  VIA_0D3_0D15         (32.0000 -36.4000) TOP/BOTTOM 
  GND                  VIA_0D3_0D15         (31.0000 -30.4000) TOP/BOTTOM 
  GND                  VIA_0D3_0D15         (34.0000 -44.4000) TOP/BOTTOM 
  GND                  VIA_0D3_0D15         (34.0000 -31.4000) TOP/BOTTOM 
  GND                  VIA_0D3_0D15         (32.0000 -29.4000) TOP/BOTTOM 
  GND                  VIA_0D3_0D15         (35.0000 -29.4000) TOP/BOTTOM 
  GND                  VIA_0D3_0D15         (37.0000 -44.4000) TOP/BOTTOM 
  GND                  VIA_0D3_0D15         (35.0000 -46.4000) TOP/BOTTOM 
  GND                  VIA_0D3_0D15         (37.0000 -41.4000) TOP/BOTTOM 
  GND                  VIA_0D3_0D15         (36.0000 -38.4000) TOP/BOTTOM 
  GND                  VIA_0D3_0D15         (37.0000 -38.4000) TOP/BOTTOM 
  GND                  VIA_0D3_0D15         (37.0000 -34.4000) TOP/BOTTOM 
  GND                  VIA_0D3_0D15         (37.0000 -31.4000) TOP/BOTTOM 
  GND                  VIA_0D3_0D15         (36.0000 -34.4000) TOP/BOTTOM 
  GND                  VIA_0D3_0D15         (37.0000 -29.4000) TOP/BOTTOM 
  GND                  VIA_0D3_0D15         (37.0000 -28.4000) TOP/BOTTOM 
  GND                  VIA_0D3_0D15         (38.0000 -43.4000) TOP/BOTTOM 
  GND                  VIA_0D3_0D15         (38.0000 -28.4000) TOP/BOTTOM 
  NSTATUS              VIA_0D3_0D15         (27.0000 -43.4000) TOP/BOTTOM 
  CONF_DONE            VIA_0D3_0D15         (29.0000 -31.4000) TOP/BOTTOM 
  NCONFIG              VIA_0D3_0D15         (27.0000 -44.4000) TOP/BOTTOM 
  DCLK                 VIA_0D3_0D15         (26.0000 -48.4000) TOP/BOTTOM 
  DCLK                 VIA_0D3_0D15         (42.2940 -50.0510) TOP/BOTTOM 
  DCLK                 VIA_0D3_0D15         (45.2850 -48.5520) TOP/BOTTOM 
  DATA0                VIA_0D3_0D15         (26.0000 -49.4000) TOP/BOTTOM 
  NCSO                 VIA_0D3_0D15         (21.9500 -48.3500) TOP/BOTTOM 
  NCSO                 VIA_0D3_0D15         (42.2940 -50.5510) TOP/BOTTOM 
  NCSO                 VIA_0D3_0D15         (47.8250 -52.0480) TOP/BOTTOM 
  ASDO                 VIA_0D3_0D15         (21.0000 -49.4000) TOP/BOTTOM 
  VCOM                 VIA_0D4_0D2          (16.8900 -61.7100) TOP/BOTTOM 
  VCOM                 VIA_0D4_0D2          (25.7600 -61.8830) TOP/BOTTOM 
  NCE                  VIA_0D3_0D15         (42.2940 -48.0510) TOP/BOTTOM 
  NCE                  VIA_0D3_0D15         (27.0000 -47.4000) TOP/BOTTOM 
  AIN-                 VIA_0D3_0D15         (28.2600 -61.7770) TOP/BOTTOM 
  AIN-                 VIA_0D3_0D15         (22.5000 -62.2700) TOP/BOTTOM 
  AIN+                 VIA_0D3_0D15         (27.7600 -61.7770) TOP/BOTTOM 
  AIN+                 VIA_0D3_0D15         (22.5000 -61.2990) TOP/BOTTOM 
  VCCIO_3V3            VIA_0D4_0D2          (42.3501 -44.2098) TOP/BOTTOM 
  VCCIO_3V3            VIA_0D4_0D2          (45.2850 -51.8000) TOP/BOTTOM 
  VCCIO_3V3            VIA_0D4_0D2          (47.8250 -46.5250) TOP/BOTTOM 
  VCCIO_3V3            VIA_0D4_0D2          (46.5550 -46.5000) TOP/BOTTOM 
  VCCIO_3V3            VIA_0D4_0D2          (23.6915 -58.6085) TOP/BOTTOM 
  VCCIO_3V3            VIA_0D4_0D2          (25.0370 -53.3000) TOP/BOTTOM 
  VCCIO_3V3            VIA_0D4_0D2          (23.7000 -54.6170) TOP/BOTTOM 
  VCCIO_3V3            VIA_0D4_0D2          (32.3000 -54.6370) TOP/BOTTOM 
  VCCIO_3V3            VIA_0D4_0D2          (30.9830 -53.3000) TOP/BOTTOM 
  VCCIO_3V3            VIA_0D3_0D15         (35.0000 -31.4000) TOP/BOTTOM 
  VCCIO_3V3            VIA_0D3_0D15         (32.0000 -31.4000) TOP/BOTTOM 
  VCCIO_3V3            VIA_0D3_0D15         (31.0000 -31.4000) TOP/BOTTOM 
  VCCIO_3V3            VIA_0D3_0D15         (37.0000 -30.4000) TOP/BOTTOM 
  VCCIO_3V3            VIA_0D3_0D15         (18.0000 -29.4000) TOP/BOTTOM 
  VCCIO_3V3            VIA_0D3_0D15         (38.0000 -29.4000) TOP/BOTTOM 
  VCCIO_3V3            VIA_0D3_0D15         (20.0000 -44.4000) TOP/BOTTOM 
  VCCIO_3V3            VIA_0D3_0D15         (18.0000 -47.4000) TOP/BOTTOM 
  VCCIO_3V3            VIA_0D3_0D15         (20.0000 -36.4000) TOP/BOTTOM 
  VCCIO_3V3            VIA_0D3_0D15         (20.0500 -39.3500) TOP/BOTTOM 
  VCCIO_3V3            VIA_0D3_0D15         (20.0000 -38.4000) TOP/BOTTOM 
  VCCIO_3V3            VIA_0D3_0D15         (20.0000 -41.4000) TOP/BOTTOM 
  VCCIO_3V3            VIA_0D3_0D15         (21.0000 -31.4000) TOP/BOTTOM 
  VCCIO_3V3            VIA_0D3_0D15         (20.0000 -32.4000) TOP/BOTTOM 
  VCCIO_3V3            VIA_0D3_0D15         (24.0000 -31.4000) TOP/BOTTOM 
  VCCIO_3V3            VIA_0D3_0D15         (25.0000 -29.4000) TOP/BOTTOM 
  VCCIO_3V3            VIA_0D3_0D15         (27.0000 -30.4000) TOP/BOTTOM 
  VCCIO_3V3            VIA_0D3_0D15         (34.0000 -46.4000) TOP/BOTTOM 
  VCCIO_3V3            VIA_0D3_0D15         (32.0000 -46.4000) TOP/BOTTOM 
  VCCIO_3V3            VIA_0D3_0D15         (38.0000 -44.4000) TOP/BOTTOM 
  VCCIO_3V3            VIA_0D3_0D15         (36.0000 -40.4000) TOP/BOTTOM 
  VCCIO_3V3            VIA_0D3_0D15         (36.0000 -35.4000) TOP/BOTTOM 
  VCCIO_3V3            VIA_0D3_0D15         (36.0000 -37.4000) TOP/BOTTOM 
  VCCIO_3V3            VIA_0D3_0D15         (36.0000 -39.4000) TOP/BOTTOM 
  VCCIO_3V3            VIA_0D3_0D15         (36.0000 -31.4000) TOP/BOTTOM 
  VCCIO_3V3            VIA_0D3_0D15         (35.0000 -34.4000) TOP/BOTTOM 
  VCCIO_3V3            VIA_0D3_0D15         (21.0000 -41.4000) TOP/BOTTOM 
  VCCIO_3V3            VIA_0D3_0D15         (20.0000 -34.4000) TOP/BOTTOM 
  A_DEMP               VIA_0D3_0D15         (37.0000 -40.4000) TOP/BOTTOM 
  A_DEMP               VIA_0D3_0D15         (46.1950 -37.4050) TOP/BOTTOM 
  A_MUTE               VIA_0D3_0D15         (39.0000 -40.4000) TOP/BOTTOM 
  A_MUTE               VIA_0D3_0D15         (46.8300 -37.4000) TOP/BOTTOM 
  A_FMT                VIA_0D3_0D15         (38.0000 -40.4000) TOP/BOTTOM 
  A_FMT                VIA_0D3_0D15         (47.4650 -37.4000) TOP/BOTTOM 
  I2S_SCK              VIA_0D3_0D15         (39.0000 -41.4000) TOP/BOTTOM 
  I2S_SCK              VIA_0D3_0D15         (48.1000 -37.4000) TOP/BOTTOM 
  I2S_BCK              VIA_0D3_0D15         (38.0000 -41.4000) TOP/BOTTOM 
  I2S_BCK              VIA_0D3_0D15         (48.1000 -43.9770) TOP/BOTTOM 
  I2S_LRCK             VIA_0D3_0D15         (38.0000 -42.4000) TOP/BOTTOM 
  I2S_LRCK             VIA_0D3_0D15         (46.8300 -43.9770) TOP/BOTTOM 
  I2S_DATA             VIA_0D3_0D15         (39.0000 -42.4000) TOP/BOTTOM 
  I2S_DATA             VIA_0D3_0D15         (47.4650 -43.9770) TOP/BOTTOM 

<< Summary >>
  Total dangling lines:       2
  Total dangling vias:      238
  Total antenna vias:       376
