'CONN_HDR_2X1_HDR102_IO_8.71 MM_' 'conn_hdr_2x1_hdr102_io_871mm_.txt';
'CAP_NP_0603_CC_DISCRETE_1.016MM' 'cap_np_0603_cc_discrete_1016mm.txt';
'RES_0201_CC_DISCRETE_0.26MM_4_1' 'res_0201_cc_discrete_026mm_4_1.txt';
'RES_0201_CC_DISCRETE_0.26MM_4_2' 'res_0201_cc_discrete_026mm_4_2.txt';
'RES_0201_CC_DISCRETE_0.26MM_4_3' 'res_0201_cc_discrete_026mm_4_3.txt';
'RES_0201_CC_DISCRETE_0.26MM_4_4' 'res_0201_cc_discrete_026mm_4_4.txt';
'CAP_NP_0201_CC_DISCRETE_0.33M_1' 'cap_np_0201_cc_discrete_033m_1.txt';
'CAP_NP_0201_CC_DISCRETE_0.33M_2' 'cap_np_0201_cc_discrete_033m_2.txt';
'CAP_NP_0201_CC_DISCRETE_0.35M_1' 'cap_np_0201_cc_discrete_035m_1.txt';
'TESTLOOP_TPAD_020_IO_0.1MM_211-' 'testloop_tpad_020_io_01mm_211-.txt';
'RES_RC0402_25_DISCRETE_0.45 M_1' 'res_rc0402_25_discrete_045m_1.txt';
'TESTLOOP_TPAD_050_IO_0.1MM_211-' 'testloop_tpad_050_io_01mm_211-.txt';
'LED_LED_0603_IC_0.8 MM_370-7667' 'led_led_0603_ic_08mm_370-7667.txt';
'TESTLOOP_TPAD_015_IO_0.1MM_211-' 'testloop_tpad_015_io_01mm_211-.txt';
'INDUCTOR_0402_CC_DISCRETE_0.55M' 'inductor_0402_cc_discrete_055m.txt';
'XTAL_XTAL2-3P2X1P5-SM_IC_0.9MM_' 'xtal_xtal2-3p2x1p5-sm_ic_09mm_.txt';
'RES_0402_CC_DISCRETE_0.40 MM_47' 'res_0402_cc_discrete_040mm_47.txt';
'RES_0402_CC_DISCRETE_0.4 MM_470' 'res_0402_cc_discrete_04mm_470.txt';
'RES_0201_CC_DISCRETE_0.26 MM_47' 'res_0201_cc_discrete_026mm_47.txt';
'RES_0402_CC_DISCRETE_0.45 MM_47' 'res_0402_cc_discrete_045mm_47.txt';
'CAP_NP_0201_CC_DISCRETE_0.33MM_' 'cap_np_0201_cc_discrete_033mm_.txt';
'CAP_NP_0201_CC_DISCRETE_0.35MM_' 'cap_np_0201_cc_discrete_035mm_.txt';
'NMOS_NX3008NBK_SC70_3_IC_1.1MM_' 'nmos_nx3008nbk_sc70_3_ic_11mm_.txt';
'T POINT R_TESTPOINT_35MIL_IC_0.' 'tpointr_testpoint_35mil_ic_0.txt';
'CAP_NP_0402_CC_DISCRETE_0.6MM_1' 'cap_np_0402_cc_discrete_06mm_1.txt';
'CAP_NP_0201_CC_DISCRETE_0.39MM_' 'cap_np_0201_cc_discrete_039mm_.txt';
'INDUCTOR_IND_2016A_DISCRETE_1.2' 'inductor_ind_2016a_discrete_12.txt';
'CAP_NP_0402_CC_DISCRETE_0.65MM_' 'cap_np_0402_cc_discrete_065mm_.txt';
'CAP_NP_0603_CC_DISCRETE_0.9MM_1' 'cap_np_0603_cc_discrete_09mm_1.txt';
'RES_RC0402_25_DISCRETE_0.45 MM_' 'res_rc0402_25_discrete_045mm_.txt';
'CAP_NP_0805_CC_DISCRETE_1.45MM_' 'cap_np_0805_cc_discrete_145mm_.txt';
'MOUNT_HOLE_GNDPOINT256_IC_0.005' 'mount_hole_gndpoint256_ic_0005.txt';
'CAP_NP_0201_CC_DISCRETE_0.33 MM' 'cap_np_0201_cc_discrete_033mm.txt';
'CAP_NP_0402_CC_DISCRETE_0.55 MM' 'cap_np_0402_cc_discrete_055mm.txt';
'IND_0402_CC_DISCRETE_0.45MM_180' 'ind_0402_cc_discrete_045mm_180.txt';
'CAP_NP_0402_CC_DISCRETE_0.65 MM' 'cap_np_0402_cc_discrete_065mm.txt';
'RES_0201_CC_DISCRETE_0.26 MM__1' 'res_0201_cc_discrete_026mm__1.txt';
'RES_0402_CC_DISCRETE_0.4 MM_4_1' 'res_0402_cc_discrete_04mm_4_1.txt';
'RES_0402_CC_DISCRETE_0.45 MM__1' 'res_0402_cc_discrete_045mm__1.txt';
'RES_0402_CC_DISCRETE_0.4 MM_4_2' 'res_0402_cc_discrete_04mm_4_2.txt';
'RES_0402_CC_DISCRETE_0.4MM_470-' 'res_0402_cc_discrete_04mm_470-.txt';
'RES_0201_CC_DISCRETE_0.25MM_470' 'res_0201_cc_discrete_025mm_470.txt';
'RES_0201_CC_DISCRETE_0.26MM_470' 'res_0201_cc_discrete_026mm_470.txt';
'UFL_CON_3_UFL_R_SMT_IO_1.4MM_21' 'ufl_con_3_ufl_r_smt_io_14mm_21.txt';
